<html>
<body>
<pre>
<h1>礦ision Build Log</h1>
<h2>Tool Versions:</h2>
IDE-Version: μVision V5.33.0.0
Copyright (C) 2020 ARM Ltd and ARM Germany GmbH. All rights reserved.
License Information: 1 2807696561@qq.com, 1, LIC=BUURY-I5C65-JJY6S-LM2TV-1QV6A-IE0D9
 
Tool Versions:
Toolchain:       MDK-ARM Plus  Version: 5.33.0.0
Toolchain Path:  D:\stm32\keil\ARM\ARMCC\Bin
C Compiler:      Armcc.exe V5.06 update 7 (build 960)
Assembler:       Armasm.exe V5.06 update 7 (build 960)
Linker/Locator:  ArmLink.exe V5.06 update 7 (build 960)
Library Manager: ArmAr.exe V5.06 update 7 (build 960)
Hex Converter:   FromElf.exe V5.06 update 7 (build 960)
CPU DLL:         SARMCM3.DLL V5.33.0.0
Dialog DLL:      DCM.DLL V1.17.3.0
Target DLL:      STLink\ST-LINKIII-KEIL_SWO.dll V3.0.8.0
Dialog DLL:      TCM.DLL V1.48.0.0
 
<h2>Project:</h2>
C:\Users\28076\Desktop\智能台灯数据下发测试\Project.uvprojx
Project File Date:  05/09/2025

<h2>Output:</h2>
*** Using Compiler 'V5.06 update 7 (build 960)', folder: 'D:\stm32\keil\ARM\ARMCC\Bin'
Rebuild target 'Target 1'
assembling startup_stm32f10x_md.s...
compiling core_cm3.c...
compiling stm32f10x_dbgmcu.c...
compiling stm32f10x_crc.c...
compiling stm32f10x_cec.c...
compiling stm32f10x_bkp.c...
compiling stm32f10x_adc.c...
compiling misc.c...
compiling stm32f10x_dac.c...
compiling stm32f10x_can.c...
compiling system_stm32f10x.c...
compiling stm32f10x_dma.c...
compiling stm32f10x_exti.c...
compiling stm32f10x_gpio.c...
compiling stm32f10x_fsmc.c...
compiling stm32f10x_flash.c...
compiling stm32f10x_i2c.c...
compiling stm32f10x_iwdg.c...
compiling stm32f10x_pwr.c...
compiling stm32f10x_rtc.c...
compiling stm32f10x_sdio.c...
compiling stm32f10x_rcc.c...
compiling stm32f10x_spi.c...
compiling stm32f10x_wwdg.c...
compiling stm32f10x_usart.c...
compiling stm32f10x_it.c...
compiling transfer.c...
.\System\Delay.h(6): warning:  #1295-D: Deprecated declaration delay_init - give arg types
  void delay_init();
User\transfer.h(12): warning:  #1295-D: Deprecated declaration receive_usart2_handle - give arg types
  void receive_usart2_handle();
User\transfer.h(14): warning:  #1295-D: Deprecated declaration heartbat1 - give arg types
  void heartbat1();
User\transfer.h(15): warning:  #1295-D: Deprecated declaration heartbat2 - give arg types
  void heartbat2();
User\transfer.c(21): warning:  #177-D: variable "t"  was declared but never referenced
  	u8 Res,t;
User\transfer.c(61): warning:  #223-D: function "memset" declared implicitly
  		memset(USART2_RX_BUF,0,sizeof(USART2_RX_BUF));//清除buffer
User\transfer.c(72): warning:  #1-D: last line of file ends without a newline
  		}
User\transfer.c: 7 warnings, 0 errors
compiling LDR.c...
.\System\adcx.h(9): warning:  #1295-D: Deprecated declaration AD_Init - give arg types
  	void AD_Init();
.\System\Delay.h(6): warning:  #1295-D: Deprecated declaration delay_init - give arg types
  void delay_init();
Hardware\LDR.c: 2 warnings, 0 errors
compiling DHT11.c...
.\System\delay.h(6): warning:  #1295-D: Deprecated declaration delay_init - give arg types
  void delay_init();
Hardware\DHT11.c: 1 warning, 0 errors
compiling OLED.c...
.\System\delay.h(6): warning:  #1295-D: Deprecated declaration delay_init - give arg types
  void delay_init();
Hardware\OLED.c: 1 warning, 0 errors
compiling stm32f10x_tim.c...
compiling LED.c...
.\System\delay.h(6): warning:  #1295-D: Deprecated declaration delay_init - give arg types
  void delay_init();
.\User\transfer.h(12): warning:  #1295-D: Deprecated declaration receive_usart2_handle - give arg types
  void receive_usart2_handle();
.\User\transfer.h(14): warning:  #1295-D: Deprecated declaration heartbat1 - give arg types
  void heartbat1();
.\User\transfer.h(15): warning:  #1295-D: Deprecated declaration heartbat2 - give arg types
  void heartbat2();
Hardware\LED.c: 4 warnings, 0 errors
compiling main.c...
.\System\adcx.h(9): warning:  #1295-D: Deprecated declaration AD_Init - give arg types
  	void AD_Init();
.\System\Delay.h(6): warning:  #1295-D: Deprecated declaration delay_init - give arg types
  void delay_init();
User\transfer.h(12): warning:  #1295-D: Deprecated declaration receive_usart2_handle - give arg types
  void receive_usart2_handle();
User\transfer.h(14): warning:  #1295-D: Deprecated declaration heartbat1 - give arg types
  void heartbat1();
User\transfer.h(15): warning:  #1295-D: Deprecated declaration heartbat2 - give arg types
  void heartbat2();
User\main.c(399): warning:  #177-D: variable "a"  was declared but never referenced
  	int a = 0;
User\main.c: 6 warnings, 0 errors
compiling Key.c...
compiling HC_SR501.c...
.\System\delay.h(6): warning:  #1295-D: Deprecated declaration delay_init - give arg types
  void delay_init();
Hardware\HC_SR501.c: 1 warning, 0 errors
compiling Buzzer.c...
compiling HC_SR04.c...
.\System\delay.h(6): warning:  #1295-D: Deprecated declaration delay_init - give arg types
  void delay_init();
Hardware\HC_SR04.c: 1 warning, 0 errors
compiling ADCX.c...
System\adcx.h(9): warning:  #1295-D: Deprecated declaration AD_Init - give arg types
  	void AD_Init();
System\ADCX.c: 1 warning, 0 errors
compiling Delay.c...
System\delay.h(6): warning:  #1295-D: Deprecated declaration delay_init - give arg types
  void delay_init();
System\Delay.c: 1 warning, 0 errors
compiling PWM.c...
compiling TIM3.c...
.\System\delay.h(6): warning:  #1295-D: Deprecated declaration delay_init - give arg types
  void delay_init();
System\TIM3.c: 1 warning, 0 errors
compiling TIM2.c...
.\System\delay.h(6): warning:  #1295-D: Deprecated declaration delay_init - give arg types
  void delay_init();
.\User\transfer.h(12): warning:  #1295-D: Deprecated declaration receive_usart2_handle - give arg types
  void receive_usart2_handle();
.\User\transfer.h(14): warning:  #1295-D: Deprecated declaration heartbat1 - give arg types
  void heartbat1();
.\User\transfer.h(15): warning:  #1295-D: Deprecated declaration heartbat2 - give arg types
  void heartbat2();
System\TIM2.c: 4 warnings, 0 errors
compiling Usart.c...
.\System\delay.h(6): warning:  #1295-D: Deprecated declaration delay_init - give arg types
  void delay_init();
System\Usart.c(123): warning:  #550-D: variable "Res"  was set but never used
  		u8 Res;
System\Usart.c: 2 warnings, 0 errors
compiling MyRTC.c...
compiling Flash.c...
compiling common.c...
compiling dataPointTools.c...
compiling gagent_md5.c...
compiling ringbuffer.c...
compiling IWDG.c...
compiling gizwits_product.c...
.\System\delay.h(6): warning:  #1295-D: Deprecated declaration delay_init - give arg types
  void delay_init();
Gizwits\gizwits_product.c: 1 warning, 0 errors
compiling gizwits_protocol.c...
.\System\delay.h(6): warning:  #1295-D: Deprecated declaration delay_init - give arg types
  void delay_init();
Gizwits\gizwits_protocol.c: 1 warning, 0 errors
linking...
Program Size: Code=19252 RO-data=4660 RW-data=160 ZI-data=3672  
".\Objects\Project.axf" - 0 Error(s), 34 Warning(s).

<h2>Software Packages used:</h2>

Package Vendor: Keil
                http://www.keil.com/pack/Keil.STM32F1xx_DFP.2.2.0.pack
                Keil.STM32F1xx_DFP.2.2.0
                STMicroelectronics STM32F1 Series Device Support, Drivers and Examples

<h2>Collection of Component include folders:</h2>
  D:\stm32\pack\Keil\STM32F1xx_DFP\2.2.0\Device\Include

<h2>Collection of Component Files used:</h2>
Build Time Elapsed:  00:00:03
</pre>
</body>
</html>
