Component: ARM Compiler 5.06 update 7 (build 960) Tool: armlink [4d3601]

==============================================================================

Section Cross References

    startup_stm32f10x_md.o(RESET) refers to startup_stm32f10x_md.o(STACK) for __initial_sp
    startup_stm32f10x_md.o(RESET) refers to startup_stm32f10x_md.o(.text) for Reset_Handler
    startup_stm32f10x_md.o(RESET) refers to stm32f10x_it.o(i.NMI_Handler) for NMI_Handler
    startup_stm32f10x_md.o(RESET) refers to stm32f10x_it.o(i.HardFault_Handler) for HardFault_Handler
    startup_stm32f10x_md.o(RESET) refers to stm32f10x_it.o(i.MemManage_Handler) for MemManage_Handler
    startup_stm32f10x_md.o(RESET) refers to stm32f10x_it.o(i.BusFault_Handler) for BusFault_Handler
    startup_stm32f10x_md.o(RESET) refers to stm32f10x_it.o(i.UsageFault_Handler) for UsageFault_Handler
    startup_stm32f10x_md.o(RESET) refers to stm32f10x_it.o(i.SVC_Handler) for SVC_Handler
    startup_stm32f10x_md.o(RESET) refers to stm32f10x_it.o(i.DebugMon_Handler) for DebugMon_Handler
    startup_stm32f10x_md.o(RESET) refers to stm32f10x_it.o(i.PendSV_Handler) for PendSV_Handler
    startup_stm32f10x_md.o(RESET) refers to stm32f10x_it.o(i.SysTick_Handler) for SysTick_Handler
    startup_stm32f10x_md.o(RESET) refers to tim2.o(i.TIM2_IRQHandler) for TIM2_IRQHandler
    startup_stm32f10x_md.o(RESET) refers to tim3.o(i.TIM3_IRQHandler) for TIM3_IRQHandler
    startup_stm32f10x_md.o(RESET) refers to hc_sr04.o(i.TIM4_IRQHandler) for TIM4_IRQHandler
    startup_stm32f10x_md.o(RESET) refers to usart.o(i.USART1_IRQHandler) for USART1_IRQHandler
    startup_stm32f10x_md.o(RESET) refers to transfer.o(i.USART2_IRQHandler) for USART2_IRQHandler
    startup_stm32f10x_md.o(.text) refers to system_stm32f10x.o(i.SystemInit) for SystemInit
    startup_stm32f10x_md.o(.text) refers to entry.o(.ARM.Collect$$$$00000000) for __main
    system_stm32f10x.o(i.SetSysClock) refers to system_stm32f10x.o(i.SetSysClockTo72) for SetSysClockTo72
    system_stm32f10x.o(i.SystemCoreClockUpdate) refers to system_stm32f10x.o(.data) for SystemCoreClock
    system_stm32f10x.o(i.SystemInit) refers to system_stm32f10x.o(i.SetSysClock) for SetSysClock
    stm32f10x_adc.o(i.ADC_DeInit) refers to stm32f10x_rcc.o(i.RCC_APB2PeriphResetCmd) for RCC_APB2PeriphResetCmd
    stm32f10x_bkp.o(i.BKP_DeInit) refers to stm32f10x_rcc.o(i.RCC_BackupResetCmd) for RCC_BackupResetCmd
    stm32f10x_can.o(i.CAN_DeInit) refers to stm32f10x_rcc.o(i.RCC_APB1PeriphResetCmd) for RCC_APB1PeriphResetCmd
    stm32f10x_can.o(i.CAN_GetITStatus) refers to stm32f10x_can.o(i.CheckITStatus) for CheckITStatus
    stm32f10x_cec.o(i.CEC_DeInit) refers to stm32f10x_rcc.o(i.RCC_APB1PeriphResetCmd) for RCC_APB1PeriphResetCmd
    stm32f10x_dac.o(i.DAC_DeInit) refers to stm32f10x_rcc.o(i.RCC_APB1PeriphResetCmd) for RCC_APB1PeriphResetCmd
    stm32f10x_flash.o(i.FLASH_EnableWriteProtection) refers to stm32f10x_flash.o(i.FLASH_WaitForLastOperation) for FLASH_WaitForLastOperation
    stm32f10x_flash.o(i.FLASH_EraseAllBank1Pages) refers to stm32f10x_flash.o(i.FLASH_WaitForLastBank1Operation) for FLASH_WaitForLastBank1Operation
    stm32f10x_flash.o(i.FLASH_EraseAllPages) refers to stm32f10x_flash.o(i.FLASH_WaitForLastOperation) for FLASH_WaitForLastOperation
    stm32f10x_flash.o(i.FLASH_EraseOptionBytes) refers to stm32f10x_flash.o(i.FLASH_GetReadOutProtectionStatus) for FLASH_GetReadOutProtectionStatus
    stm32f10x_flash.o(i.FLASH_EraseOptionBytes) refers to stm32f10x_flash.o(i.FLASH_WaitForLastOperation) for FLASH_WaitForLastOperation
    stm32f10x_flash.o(i.FLASH_ErasePage) refers to stm32f10x_flash.o(i.FLASH_WaitForLastOperation) for FLASH_WaitForLastOperation
    stm32f10x_flash.o(i.FLASH_ProgramHalfWord) refers to stm32f10x_flash.o(i.FLASH_WaitForLastOperation) for FLASH_WaitForLastOperation
    stm32f10x_flash.o(i.FLASH_ProgramOptionByteData) refers to stm32f10x_flash.o(i.FLASH_WaitForLastOperation) for FLASH_WaitForLastOperation
    stm32f10x_flash.o(i.FLASH_ProgramWord) refers to stm32f10x_flash.o(i.FLASH_WaitForLastOperation) for FLASH_WaitForLastOperation
    stm32f10x_flash.o(i.FLASH_ReadOutProtection) refers to stm32f10x_flash.o(i.FLASH_WaitForLastOperation) for FLASH_WaitForLastOperation
    stm32f10x_flash.o(i.FLASH_UserOptionByteConfig) refers to stm32f10x_flash.o(i.FLASH_WaitForLastOperation) for FLASH_WaitForLastOperation
    stm32f10x_flash.o(i.FLASH_WaitForLastBank1Operation) refers to stm32f10x_flash.o(i.FLASH_GetBank1Status) for FLASH_GetBank1Status
    stm32f10x_flash.o(i.FLASH_WaitForLastOperation) refers to stm32f10x_flash.o(i.FLASH_GetBank1Status) for FLASH_GetBank1Status
    stm32f10x_gpio.o(i.GPIO_AFIODeInit) refers to stm32f10x_rcc.o(i.RCC_APB2PeriphResetCmd) for RCC_APB2PeriphResetCmd
    stm32f10x_gpio.o(i.GPIO_DeInit) refers to stm32f10x_rcc.o(i.RCC_APB2PeriphResetCmd) for RCC_APB2PeriphResetCmd
    stm32f10x_i2c.o(i.I2C_DeInit) refers to stm32f10x_rcc.o(i.RCC_APB1PeriphResetCmd) for RCC_APB1PeriphResetCmd
[...]
    .ARM.Collect$$$$0000000B                 0x080000f4   Section        8  entry9a.o(.ARM.Collect$$$$0000000B)
    .ARM.Collect$$$$0000000E                 0x080000fc   Section        4  entry12b.o(.ARM.Collect$$$$0000000E)
    .ARM.Collect$$$$0000000F                 0x08000100   Section        0  entry10a.o(.ARM.Collect$$$$0000000F)
    .ARM.Collect$$$$00000011                 0x08000100   Section        0  entry11a.o(.ARM.Collect$$$$00000011)
    .ARM.Collect$$$$00002712                 0x08000100   Section        4  entry2.o(.ARM.Collect$$$$00002712)
    __lit__00000000                          0x08000100   Data           4  entry2.o(.ARM.Collect$$$$00002712)
    .text                                    0x08000104   Section       36  startup_stm32f10x_md.o(.text)
    .text                                    0x08000128   Section        0  memcpya.o(.text)
    .text                                    0x0800014c   Section        0  memseta.o(.text)
    .text                                    0x08000170   Section        0  strlen.o(.text)
    .text                                    0x0800017e   Section        0  fadd.o(.text)
    .text                                    0x0800022e   Section        0  fmul.o(.text)
    .text                                    0x08000292   Section        0  fdiv.o(.text)
    .text                                    0x0800030e   Section        0  dmul.o(.text)
    .text                                    0x080003f2   Section        0  ffltui.o(.text)
    .text                                    0x080003fc   Section        0  dfltui.o(.text)
    .text                                    0x08000416   Section        0  ffixui.o(.text)
    .text                                    0x0800043e   Section        0  dfixui.o(.text)
    .text                                    0x08000470   Section        0  f2d.o(.text)
    .text                                    0x08000496   Section        0  uidiv.o(.text)
    .text                                    0x080004c2   Section        0  uldiv.o(.text)
    .text                                    0x08000524   Section        0  llushr.o(.text)
    .text                                    0x08000544   Section        0  iusefp.o(.text)
    .text                                    0x08000544   Section        0  fepilogue.o(.text)
    .text                                    0x080005b2   Section        0  depilogue.o(.text)
    .text                                    0x0800066c   Section        0  dadd.o(.text)
    .text                                    0x080007ba   Section        0  ddiv.o(.text)
    .text                                    0x08000898   Section        0  dscalb.o(.text)
    .text                                    0x080008c6   Section        0  dflti.o(.text)
    .text                                    0x080008e8   Section        0  dfixul.o(.text)
    .text                                    0x08000918   Section       48  cdrcmple.o(.text)
    .text                                    0x08000948   Section       36  init.o(.text)
    .text                                    0x0800096c   Section        0  llshl.o(.text)
    .text                                    0x0800098a   Section        0  llsshr.o(.text)
    .text                                    0x080009ae   Section        0  dsqrt.o(.text)
    i.ADC_Cmd                                0x08000a50   Section        0  stm32f10x_adc.o(i.ADC_Cmd)
    i.ADC_GetCalibrationStatus               0x08000a66   Section        0  stm32f10x_adc.o(i.ADC_GetCalibrationStatus)
    i.ADC_GetConversionValue                 0x08000a7a   Section        0  stm32f10x_adc.o(i.ADC_GetConversionValue)
    i.ADC_GetFlagStatus                      0x08000a82   Section        0  stm32f10x_adc.o(i.ADC_GetFlagStatus)
    i.ADC_GetResetCalibrationStatus          0x08000a94   Section        0  stm32f10x_adc.o(i.ADC_GetResetCalibrationStatus)
    i.ADC_Init                               0x08000aa8   Section        0  stm32f10x_adc.o(i.ADC_Init)
    i.ADC_RegularChannelConfig               0x08000af8   Section        0  stm32f10x_adc.o(i.ADC_RegularChannelConfig)
    i.ADC_ResetCalibration                   0x08000bb0   Section        0  stm32f10x_adc.o(i.ADC_ResetCalibration)
    i.ADC_SoftwareStartConvCmd               0x08000bba   Section        0  stm32f10x_adc.o(i.ADC_SoftwareStartConvCmd)
    i.ADC_StartCalibration                   0x08000bd0   Section        0  stm32f10x_adc.o(i.ADC_StartCalibration)
    i.AD_GetValue                            0x08000bdc   Section        0  adcx.o(i.AD_GetValue)
    i.AD_Init                                0x08000c00   Section        0  adcx.o(i.AD_Init)
    i.BusFault_Handler                       0x08000c98   Section        0  stm32f10x_it.o(i.BusFault_Handler)
    i.Buzzer_Init                            0x08000c9c   Section        0  buzzer.o(i.Buzzer_Init)
    i.Buzzer_OFF                             0x08000cd0   Section        0  buzzer.o(i.Buzzer_OFF)
    i.Buzzer_ON                              0x08000cec   Section        0  buzzer.o(i.Buzzer_ON)
    i.DHT11_Init                             0x08000d08   Section        0  dht11.o(i.DHT11_Init)
    i.DHT11_Mode_IPU                         0x08000d28   Section        0  dht11.o(i.DHT11_Mode_IPU)
    DHT11_Mode_IPU                           0x08000d29   Thumb Code    36  dht11.o(i.DHT11_Mode_IPU)
    i.DHT11_Mode_Out_PP                      0x08000d50   Section        0  dht11.o(i.DHT11_Mode_Out_PP)
    DHT11_Mode_Out_PP                        0x08000d51   Thumb Code    36  dht11.o(i.DHT11_Mode_Out_PP)
    i.DHT11_ReadByte                         0x08000d78   Section        0  dht11.o(i.DHT11_ReadByte)
    DHT11_ReadByte                           0x08000d79   Thumb Code    96  dht11.o(i.DHT11_ReadByte)
    i.DHT11_Read_TempAndHumidity             0x08000ddc   Section        0  dht11.o(i.DHT11_Read_TempAndHumidity)
    i.DebugMon_Handler                       0x08000ed8   Section        0  stm32f10x_it.o(i.DebugMon_Handler)
    i.FLASH_ClearFlag                        0x08000edc   Section        0  stm32f10x_flash.o(i.FLASH_ClearFlag)
    i.FLASH_ErasePage                        0x08000ee8   Section        0  stm32f10x_flash.o(i.FLASH_ErasePage)
    i.FLASH_GetBank1Status                   0x08000f34   Section        0  stm32f10x_flash.o(i.FLASH_GetBank1Status)
    i.FLASH_Lock                             0x08000f68   Section        0  stm32f10x_flash.o(i.FLASH_Lock)
    i.FLASH_ProgramHalfWord                  0x08000f7c   Section        0  stm32f10x_flash.o(i.FLASH_ProgramHalfWord)
    i.FLASH_R                                0x08000fbc   Section        0  flash.o(i.FLASH_R)
    i.FLASH_Unlock                           0x08000fc4   Section        0  stm32f10x_flash.o(i.FLASH_Unlock)
    i.FLASH_W                                0x08000fdc   Section        0  flash.o(i.FLASH_W)
    i.FLASH_WaitForLastOperation             0x08001010   Section        0  stm32f10x_flash.o(i.FLASH_WaitForLastOperation)
    i.GENERAL_TIM_Init                       0x08001036   Section        0  tim3.o(i.GENERAL_TIM_Init)
    i.GENERAL_TIM_Mode_Config                0x08001044   Section        0  tim3.o(i.GENERAL_TIM_Mode_Config)
    GENERAL_TIM_Mode_Config                  0x08001045   Thumb Code    74  tim3.o(i.GENERAL_TIM_Mode_Config)
    i.GENERAL_TIM_NVIC_Config                0x08001094   Section        0  tim3.o(i.GENERAL_TIM_NVIC_Config)
    GENERAL_TIM_NVIC_Config                  0x08001095   Thumb Code    34  tim3.o(i.GENERAL_TIM_NVIC_Config)
    i.GPIO_Init                              0x080010b6   Section        0  stm32f10x_gpio.o(i.GPIO_Init)
    i.GPIO_ReadInputDataBit                  0x080011cc   Section        0  stm32f10x_gpio.o(i.GPIO_ReadInputDataBit)
    i.GPIO_ResetBits                         0x080011de   Section        0  stm32f10x_gpio.o(i.GPIO_ResetBits)
    i.GPIO_SetBits                           0x080011e2   Section        0  stm32f10x_gpio.o(i.GPIO_SetBits)
    i.HC_SR04_Deboanle                       0x080011e6   Section        0  hc_sr04.o(i.HC_SR04_Deboanle)
    i.HC_SR04_Delay100msRanging              0x08001214   Section        0  hc_sr04.o(i.HC_SR04_Delay100msRanging)
    i.HC_SR04_Init                           0x08001234   Section        0  hc_sr04.o(i.HC_SR04_Init)
    i.HC_SR04_Ranging                        0x080012f0   Section        0  hc_sr04.o(i.HC_SR04_Ranging)
    i.HardFault_Handler                      0x080013c8   Section        0  stm32f10x_it.o(i.HardFault_Handler)
    i.IWDG_ReloadCounter                     0x080013cc   Section        0  stm32f10x_iwdg.o(i.IWDG_ReloadCounter)
    i.Key_Init                               0x080013dc   Section        0  key.o(i.Key_Init)
    i.Key_scan                               0x08001410   Section        0  key.o(i.Key_scan)
    i.LDR_ADC_Read                           0x080016bc   Section        0  ldr.o(i.LDR_ADC_Read)
    i.LDR_Average_Data                       0x080016c4   Section        0  ldr.o(i.LDR_Average_Data)
    i.LDR_Init                               0x080016ec   Section        0  ldr.o(i.LDR_Init)
    i.LDR_LuxData                            0x08001718   Section        0  ldr.o(i.LDR_LuxData)
    i.LED_PWM_KEY                            0x080017b0   Section        0  led.o(i.LED_PWM_KEY)
    i.MemManage_Handler                      0x08001858   Section        0  stm32f10x_it.o(i.MemManage_Handler)
    i.NMI_Handler                            0x0800185c   Section        0  stm32f10x_it.o(i.NMI_Handler)
    i.NVIC_Init                              0x08001860   Section        0  misc.o(i.NVIC_Init)
    i.NVIC_PriorityGroupConfig               0x080018d0   Section        0  misc.o(i.NVIC_PriorityGroupConfig)
    i.OLED_Clear                             0x080018e4   Section        0  oled.o(i.OLED_Clear)
    i.OLED_Init                              0x08001924   Section        0  oled.o(i.OLED_Init)
    i.OLED_Menu                              0x08001a54   Section        0  main.o(i.OLED_Menu)
    i.OLED_Menu_SensorData                   0x08001b04   Section        0  main.o(i.OLED_Menu_SensorData)
    i.OLED_Option                            0x08001b9c   Section        0  main.o(i.OLED_Option)
    i.OLED_SetInterfacevoid                  0x08001c34   Section        0  main.o(i.OLED_SetInterfacevoid)
    i.OLED_Set_Pos                           0x08001cec   Section        0  oled.o(i.OLED_Set_Pos)
    i.OLED_ShowCHinese                       0x08001d1c   Section        0  oled.o(i.OLED_ShowCHinese)
    i.OLED_ShowChar                          0x08001d84   Section        0  oled.o(i.OLED_ShowChar)
    i.OLED_ShowNum                           0x08001df4   Section        0  oled.o(i.OLED_ShowNum)
    i.OLED_ShowString                        0x08001e78   Section        0  oled.o(i.OLED_ShowString)
    i.OLED_WR_Byte                           0x08001eb0   Section        0  oled.o(i.OLED_WR_Byte)
    i.PWM_Init                               0x08001f34   Section        0  pwm.o(i.PWM_Init)
    i.PendSV_Handler                         0x08001fc8   Section        0  stm32f10x_it.o(i.PendSV_Handler)
    i.RCC_ADCCLKConfig                       0x08001fcc   Section        0  stm32f10x_rcc.o(i.RCC_ADCCLKConfig)
    i.RCC_APB1PeriphClockCmd                 0x08001fe4   Section        0  stm32f10x_rcc.o(i.RCC_APB1PeriphClockCmd)
    i.RCC_APB1PeriphResetCmd                 0x08002004   Section        0  stm32f10x_rcc.o(i.RCC_APB1PeriphResetCmd)
    i.RCC_APB2PeriphClockCmd                 0x08002024   Section        0  stm32f10x_rcc.o(i.RCC_APB2PeriphClockCmd)
    i.RCC_APB2PeriphResetCmd                 0x08002044   Section        0  stm32f10x_rcc.o(i.RCC_APB2PeriphResetCmd)
    i.RCC_GetClocksFreq                      0x08002064   Section        0  stm32f10x_rcc.o(i.RCC_GetClocksFreq)
    i.RCC_GetFlagStatus                      0x08002138   Section        0  stm32f10x_rcc.o(i.RCC_GetFlagStatus)
    i.RCC_HSEConfig                          0x08002174   Section        0  stm32f10x_rcc.o(i.RCC_HSEConfig)
    i.RCC_PLLCmd                             0x080021c0   Section        0  stm32f10x_rcc.o(i.RCC_PLLCmd)
    i.RCC_PLLConfig                          0x080021cc   Section        0  stm32f10x_rcc.o(i.RCC_PLLConfig)
    i.RCC_SYSCLKConfig                       0x080021e8   Section        0  stm32f10x_rcc.o(i.RCC_SYSCLKConfig)
    i.SVC_Handler                            0x08002200   Section        0  stm32f10x_it.o(i.SVC_Handler)
    i.SetSelection                           0x08002204   Section        0  main.o(i.SetSelection)
    i.SetSysClock                            0x08002238   Section        0  system_stm32f10x.o(i.SetSysClock)
    SetSysClock                              0x08002239   Thumb Code     8  system_stm32f10x.o(i.SetSysClock)
    i.SetSysClockTo72                        0x08002240   Section        0  system_stm32f10x.o(i.SetSysClockTo72)
    SetSysClockTo72                          0x08002241   Thumb Code   214  system_stm32f10x.o(i.SetSysClockTo72)
    i.SysTick_Handler                        0x08002320   Section        0  stm32f10x_it.o(i.SysTick_Handler)
    i.SystemInit                             0x08002328   Section        0  system_stm32f10x.o(i.SystemInit)
    i.TIM2_IRQHandler                        0x08002388   Section        0  tim2.o(i.TIM2_IRQHandler)
    i.TIM3_IRQHandler                        0x0800253c   Section        0  tim3.o(i.TIM3_IRQHandler)
    i.TIM4_IRQHandler                        0x0800255c   Section        0  hc_sr04.o(i.TIM4_IRQHandler)
    i.TIM_ARRPreloadConfig                   0x08002584   Section        0  stm32f10x_tim.o(i.TIM_ARRPreloadConfig)
    i.TIM_ClearFlag                          0x0800259c   Section        0  stm32f10x_tim.o(i.TIM_ClearFlag)
    i.TIM_ClearITPendingBit                  0x080025a2   Section        0  stm32f10x_tim.o(i.TIM_ClearITPendingBit)
    i.TIM_Cmd                                0x080025a8   Section        0  stm32f10x_tim.o(i.TIM_Cmd)
    i.TIM_CtrlPWMOutputs                     0x080025c0   Section        0  stm32f10x_tim.o(i.TIM_CtrlPWMOutputs)
    i.TIM_DeInit                             0x080025e0   Section        0  stm32f10x_tim.o(i.TIM_DeInit)
    i.TIM_GetCounter                         0x080027c8   Section        0  stm32f10x_tim.o(i.TIM_GetCounter)
    i.TIM_GetITStatus                        0x080027ce   Section        0  stm32f10x_tim.o(i.TIM_GetITStatus)
    i.TIM_ITConfig                           0x080027f0   Section        0  stm32f10x_tim.o(i.TIM_ITConfig)
    i.TIM_OC1Init                            0x08002804   Section        0  stm32f10x_tim.o(i.TIM_OC1Init)
    i.TIM_OC1PreloadConfig                   0x0800289c   Section        0  stm32f10x_tim.o(i.TIM_OC1PreloadConfig)
    i.TIM_SetCompare1                        0x080028ae   Section        0  stm32f10x_tim.o(i.TIM_SetCompare1)
    i.TIM_SetCounter                         0x080028b2   Section        0  stm32f10x_tim.o(i.TIM_SetCounter)
    i.TIM_TimeBaseInit                       0x080028b8   Section        0  stm32f10x_tim.o(i.TIM_TimeBaseInit)
    i.ThresholdModification                  0x0800295c   Section        0  main.o(i.ThresholdModification)
    i.Timer2_Init                            0x08002a50   Section        0  tim2.o(i.Timer2_Init)
    i.TimingDelay_Decrement                  0x08002ab0   Section        0  delay.o(i.TimingDelay_Decrement)
    i.USART1_IRQHandler                      0x08002ac8   Section        0  usart.o(i.USART1_IRQHandler)
    i.USART2_IRQHandler                      0x08002ae4   Section        0  transfer.o(i.USART2_IRQHandler)
    i.USART_Cmd                              0x08002b98   Section        0  stm32f10x_usart.o(i.USART_Cmd)
    i.USART_GetFlagStatus                    0x08002bb0   Section        0  stm32f10x_usart.o(i.USART_GetFlagStatus)
    i.USART_GetITStatus                      0x08002bca   Section        0  stm32f10x_usart.o(i.USART_GetITStatus)
    i.USART_ITConfig                         0x08002c1e   Section        0  stm32f10x_usart.o(i.USART_ITConfig)
    i.USART_Init                             0x08002c68   Section        0  stm32f10x_usart.o(i.USART_Init)
    i.USART_ReceiveData                      0x08002d40   Section        0  stm32f10x_usart.o(i.USART_ReceiveData)
    i.USART_SendData                         0x08002d4a   Section        0  stm32f10x_usart.o(i.USART_SendData)
    i.UsageFault_Handler                     0x08002d52   Section        0  stm32f10x_it.o(i.UsageFault_Handler)
    i._LED_Init                              0x08002d58   Section        0  led.o(i._LED_Init)
    i.__0printf                              0x08002df0   Section        0  printfa.o(i.__0printf)
    i.__0sprintf                             0x08002e10   Section        0  printfa.o(i.__0sprintf)
    i.__ARM_fpclassify                       0x08002e38   Section        0  fpclassify.o(i.__ARM_fpclassify)
    i.__kernel_poly                          0x08002e60   Section        0  poly.o(i.__kernel_poly)
    i.__mathlib_dbl_divzero                  0x08002f0c   Section        0  dunder.o(i.__mathlib_dbl_divzero)
    i.__mathlib_dbl_infnan2                  0x08002f1c   Section        0  dunder.o(i.__mathlib_dbl_infnan2)
    i.__mathlib_dbl_invalid                  0x08002f20   Section        0  dunder.o(i.__mathlib_dbl_invalid)
    i.__mathlib_dbl_overflow                 0x08002f2c   Section        0  dunder.o(i.__mathlib_dbl_overflow)
    i.__mathlib_dbl_underflow                0x08002f3c   Section        0  dunder.o(i.__mathlib_dbl_underflow)
    i.__scatterload_copy                     0x08002f4c   Section       14  handlers.o(i.__scatterload_copy)
    i.__scatterload_null                     0x08002f5a   Section        2  handlers.o(i.__scatterload_null)
    i.__scatterload_zeroinit                 0x08002f5c   Section       14  handlers.o(i.__scatterload_zeroinit)
    i.__set_errno                            0x08002f6c   Section        0  errno.o(i.__set_errno)
    i._fp_digits                             0x08002f78   Section        0  printfa.o(i._fp_digits)
    _fp_digits                               0x08002f79   Thumb Code   366  printfa.o(i._fp_digits)
    i._printf_core                           0x080030fc   Section        0  printfa.o(i._printf_core)
    _printf_core                             0x080030fd   Thumb Code  1704  printfa.o(i._printf_core)
    i._printf_post_padding                   0x080037b0   Section        0  printfa.o(i._printf_post_padding)
    _printf_post_padding                     0x080037b1   Thumb Code    36  printfa.o(i._printf_post_padding)
    i._printf_pre_padding                    0x080037d4   Section        0  printfa.o(i._printf_pre_padding)
    _printf_pre_padding                      0x080037d5   Thumb Code    46  printfa.o(i._printf_pre_padding)
    i._sputc                                 0x08003802   Section        0  printfa.o(i._sputc)
    _sputc                                   0x08003803   Thumb Code    10  printfa.o(i._sputc)
    i.auto_buzzer                            0x0800380c   Section        0  main.o(i.auto_buzzer)
    i.auto_led                               0x08003850   Section        0  main.o(i.auto_led)
    i.delay_init                             0x080038b4   Section        0  delay.o(i.delay_init)
    i.delay_ms                               0x08003914   Section        0  delay.o(i.delay_ms)
    i.delay_us                               0x08003928   Section        0  dht11.o(i.delay_us)
    i.exchangeBytes                          0x08003968   Section        0  common.o(i.exchangeBytes)
    i.fputc                                  0x08003984   Section        0  usart.o(i.fputc)
    i.gizGetTimerCount                       0x080039a0   Section        0  gizwits_product.o(i.gizGetTimerCount)
    i.gizProtocolHeadInit                    0x080039ac   Section        0  gizwits_protocol.o(i.gizProtocolHeadInit)
    gizProtocolHeadInit                      0x080039ad   Thumb Code    34  gizwits_protocol.o(i.gizProtocolHeadInit)
    i.gizProtocolSum                         0x080039fc   Section        0  common.o(i.gizProtocolSum)
    i.gizProtocolWaitAck                     0x08003a24   Section        0  gizwits_protocol.o(i.gizProtocolWaitAck)
    gizProtocolWaitAck                       0x08003a25   Thumb Code    68  gizwits_protocol.o(i.gizProtocolWaitAck)
    i.gizTimerMs                             0x08003a88   Section        0  gizwits_product.o(i.gizTimerMs)
    i.gizwitsSetMode                         0x08003a98   Section        0  gizwits_protocol.o(i.gizwitsSetMode)
    i.heartbat1                              0x08003d20   Section        0  transfer.o(i.heartbat1)
    i.heartbat2                              0x08003d40   Section        0  transfer.o(i.heartbat2)
    i.main                                   0x08003d58   Section        0  main.o(i.main)
    i.oled_pow                               0x0800403c   Section        0  oled.o(i.oled_pow)
    i.pow                                    0x08004054   Section        0  pow.o(i.pow)
    i.sensorScan                             0x08004a2c   Section        0  main.o(i.sensorScan)
    i.sqrt                                   0x08004a4c   Section        0  sqrt.o(i.sqrt)
    i.uartWrite                              0x08004a98   Section        0  gizwits_product.o(i.uartWrite)
    i.usart2_init                            0x08004b4c   Section        0  main.o(i.usart2_init)
    i.usart2_send                            0x08004bf0   Section        0  transfer.o(i.usart2_send)
    .constdata                               0x08004c20   Section     4248  oled.o(.constdata)
    .constdata                               0x08005cb8   Section      136  pow.o(.constdata)
    bp                                       0x08005cb8   Data          16  pow.o(.constdata)
    dp_h                                     0x08005cc8   Data          16  pow.o(.constdata)
    dp_l                                     0x08005cd8   Data          16  pow.o(.constdata)
    L                                        0x08005ce8   Data          48  pow.o(.constdata)
    P                                        0x08005d18   Data          40  pow.o(.constdata)
    .constdata                               0x08005d40   Section        8  qnan.o(.constdata)
    .data                                    0x20000000   Section       20  system_stm32f10x.o(.data)
    .data                                    0x20000014   Section       20  stm32f10x_rcc.o(.data)
    APBAHBPrescTable                         0x20000014   Data          16  stm32f10x_rcc.o(.data)
    ADCPrescTable                            0x20000024   Data           4  stm32f10x_rcc.o(.data)
    .data                                    0x20000028   Section       25  main.o(.data)
    count                                    0x20000040   Data           1  main.o(.data)
    .data                                    0x20000044   Section        6  transfer.o(.data)
    .data                                    0x2000004a   Section        1  led.o(.data)
    .data                                    0x2000004c   Section       26  key.o(.data)
    .data                                    0x20000068   Section       16  hc_sr04.o(.data)
    i                                        0x20000074   Data           4  hc_sr04.o(.data)
    .data                                    0x20000078   Section        1  buzzer.o(.data)
    .data                                    0x2000007c   Section        4  delay.o(.data)
    TimingDelay                              0x2000007c   Data           4  delay.o(.data)
    .data                                    0x20000080   Section       12  tim2.o(.data)
    .data                                    0x2000008c   Section        6  usart.o(.data)
    .data                                    0x20000094   Section        6  gizwits_product.o(.data)
    timerMsCount                             0x20000094   Data           4  gizwits_product.o(.data)
    .data                                    0x2000009c   Section        4  errno.o(.data)
    _errno                                   0x2000009c   Data           4  errno.o(.data)
    .bss                                     0x200000a0   Section      312  main.o(.bss)
    .bss                                     0x200001d8   Section      583  transfer.o(.bss)
    .bss                                     0x2000041f   Section       36  gizwits_product.o(.bss)
    .bss                                     0x20000444   Section     1712  gizwits_protocol.o(.bss)
    rbBuf                                    0x200008c0   Data         564  gizwits_protocol.o(.bss)
    STACK                                    0x20000af8   Section     1024  startup_stm32f10x_md.o(STACK)

    Global Symbols

    Symbol Name                              Value     Ov Type        Size  Object(Section)

    BuildAttributes$$THM_ISAv4$P$D$K$B$S$PE$A:L22UL41UL21$X:L11$S22US41US21$IEEE1$IW$USESV6$~STKCKD$USESV7$~SHL$OTIME$ROPI$IEEEX$EBA8$MICROLIB$REQ8$PRES8$EABIv2 0x00000000   Number         0  anon$$obj.o ABSOLUTE
    __ARM_use_no_argv                        0x00000000   Number         0  main.o ABSOLUTE
    __use_no_errno                           0x00000000   Number         0  useno.o ABSOLUTE
    __use_no_exception_handling              0x00000000   Number         0  useno.o ABSOLUTE
    __use_no_fp                              0x00000000   Number         0  useno.o ABSOLUTE
    __use_no_heap                            0x00000000   Number         0  useno.o ABSOLUTE
    __use_no_heap_region                     0x00000000   Number         0  useno.o ABSOLUTE
    __use_no_semihosting                     0x00000000   Number         0  useno.o ABSOLUTE
    __use_no_semihosting_swi                 0x00000000   Number         0  useno.o ABSOLUTE
    __use_no_signal_handling                 0x00000000   Number         0  useno.o ABSOLUTE
    _printf_a                                0x00000000   Number         0  stubs.o ABSOLUTE
    _printf_c                                0x00000000   Number         0  stubs.o ABSOLUTE
    _printf_charcount                        0x00000000   Number         0  stubs.o ABSOLUTE
    _printf_d                                0x00000000   Number         0  stubs.o ABSOLUTE
    _printf_e                                0x00000000   Number         0  stubs.o ABSOLUTE
    _printf_f                                0x00000000   Number         0  stubs.o ABSOLUTE
    _printf_flags                            0x00000000   Number         0  stubs.o ABSOLUTE
    _printf_fp_dec                           0x00000000   Number         0  stubs.o ABSOLUTE
    _printf_fp_hex                           0x00000000   Number         0  stubs.o ABSOLUTE
    _printf_g                                0x00000000   Number         0  stubs.o ABSOLUTE
    _printf_i                                0x00000000   Number         0  stubs.o ABSOLUTE
    _printf_int_dec                          0x00000000   Number         0  stubs.o ABSOLUTE
    _printf_l                                0x00000000   Number         0  stubs.o ABSOLUTE
    _printf_lc                               0x00000000   Number         0  stubs.o ABSOLUTE
    _printf_ll                               0x00000000   Number         0  stubs.o ABSOLUTE
    _printf_lld                              0x00000000   Number         0  stubs.o ABSOLUTE
    _printf_lli                              0x00000000   Number         0  stubs.o ABSOLUTE
    _printf_llo                              0x00000000   Number         0  stubs.o ABSOLUTE
    _printf_llu                              0x00000000   Number         0  stubs.o ABSOLUTE
    _printf_llx                              0x00000000   Number         0  stubs.o ABSOLUTE
    _printf_longlong_dec                     0x00000000   Number         0  stubs.o ABSOLUTE
    _printf_longlong_hex                     0x00000000   Number         0  stubs.o ABSOLUTE
    _printf_longlong_oct                     0x00000000   Number         0  stubs.o ABSOLUTE
    _printf_ls                               0x00000000   Number         0  stubs.o ABSOLUTE
    _printf_mbtowc                           0x00000000   Number         0  stubs.o ABSOLUTE
    _printf_n                                0x00000000   Number         0  stubs.o ABSOLUTE
    _printf_o                                0x00000000   Number         0  stubs.o ABSOLUTE
    _printf_p                                0x00000000   Number         0  stubs.o ABSOLUTE
    _printf_percent                          0x00000000   Number         0  stubs.o ABSOLUTE
    _printf_pre_padding                      0x00000000   Number         0  stubs.o ABSOLUTE
    _printf_return_value                     0x00000000   Number         0  stubs.o ABSOLUTE
    _printf_s                                0x00000000   Number         0  stubs.o ABSOLUTE
    _printf_sizespec                         0x00000000   Number         0  stubs.o ABSOLUTE
    _printf_str                              0x00000000   Number         0  stubs.o ABSOLUTE
    _printf_truncate_signed                  0x00000000   Number         0  stubs.o ABSOLUTE
    _printf_truncate_unsigned                0x00000000   Number         0  stubs.o ABSOLUTE
    _printf_u                                0x00000000   Number         0  stubs.o ABSOLUTE
    _printf_wc                               0x00000000   Number         0  stubs.o ABSOLUTE
    _printf_wctomb                           0x00000000   Number         0  stubs.o ABSOLUTE
    _printf_widthprec                        0x00000000   Number         0  stubs.o ABSOLUTE
    _printf_x                                0x00000000   Number         0  stubs.o ABSOLUTE
    __arm_fini_                               - Undefined Weak Reference
    __cpp_initialize__aeabi_                  - Undefined Weak Reference
    __cxa_finalize                            - Undefined Weak Reference
    __decompress                              - Undefined Weak Reference
    _clock_init                               - Undefined Weak Reference
    _microlib_exit                            - Undefined Weak Reference
    __Vectors_Size                           0x000000ec   Number         0  startup_stm32f10x_md.o ABSOLUTE
    __Vectors                                0x08000000   Data           4  startup_stm32f10x_md.o(RESET)
    __Vectors_End                            0x080000ec   Data           0  startup_stm32f10x_md.o(RESET)
    __main                                   0x080000ed   Thumb Code     0  entry.o(.ARM.Collect$$$$00000000)
    _main_stk                                0x080000ed   Thumb Code     0  entry2.o(.ARM.Collect$$$$00000001)
    _main_scatterload                        0x080000f1   Thumb Code     0  entry5.o(.ARM.Collect$$$$00000004)
    __main_after_scatterload                 0x080000f5   Thumb Code     0  entry5.o(.ARM.Collect$$$$00000004)
    _main_clock                              0x080000f5   Thumb Code     0  entry7b.o(.ARM.Collect$$$$00000008)
    _main_cpp_init                           0x080000f5   Thumb Code     0  entry8b.o(.ARM.Collect$$$$0000000A)
    _main_init                               0x080000f5   Thumb Code     0  entry9a.o(.ARM.Collect$$$$0000000B)
    __rt_lib_shutdown_fini                   0x080000fd   Thumb Code     0  entry12b.o(.ARM.Collect$$$$0000000E)
    __rt_final_cpp                           0x08000101   Thumb Code     0  entry10a.o(.ARM.Collect$$$$0000000F)
    __rt_final_exit                          0x08000101   Thumb Code     0  entry11a.o(.ARM.Collect$$$$00000011)
    Reset_Handler                            0x08000105   Thumb Code     8  startup_stm32f10x_md.o(.text)
    ADC1_2_IRQHandler                        0x0800011f   Thumb Code     0  startup_stm32f10x_md.o(.text)
    CAN1_RX1_IRQHandler                      0x0800011f   Thumb Code     0  startup_stm32f10x_md.o(.text)
    CAN1_SCE_IRQHandler                      0x0800011f   Thumb Code     0  startup_stm32f10x_md.o(.text)
    DMA1_Channel1_IRQHandler                 0x0800011f   Thumb Code     0  startup_stm32f10x_md.o(.text)
    DMA1_Channel2_IRQHandler                 0x0800011f   Thumb Code     0  startup_stm32f10x_md.o(.text)
    DMA1_Channel3_IRQHandler                 0x0800011f   Thumb Code     0  startup_stm32f10x_md.o(.text)
    DMA1_Channel4_IRQHandler                 0x0800011f   Thumb Code     0  startup_stm32f10x_md.o(.text)
    DMA1_Channel5_IRQHandler                 0x0800011f   Thumb Code     0  startup_stm32f10x_md.o(.text)
    DMA1_Channel6_IRQHandler                 0x0800011f   Thumb Code     0  startup_stm32f10x_md.o(.text)
    DMA1_Channel7_IRQHandler                 0x0800011f   Thumb Code     0  startup_stm32f10x_md.o(.text)
    EXTI0_IRQHandler                         0x0800011f   Thumb Code     0  startup_stm32f10x_md.o(.text)
    EXTI15_10_IRQHandler                     0x0800011f   Thumb Code     0  startup_stm32f10x_md.o(.text)
    EXTI1_IRQHandler                         0x0800011f   Thumb Code     0  startup_stm32f10x_md.o(.text)
    EXTI2_IRQHandler                         0x0800011f   Thumb Code     0  startup_stm32f10x_md.o(.text)
    EXTI3_IRQHandler                         0x0800011f   Thumb Code     0  startup_stm32f10x_md.o(.text)
    EXTI4_IRQHandler                         0x0800011f   Thumb Code     0  startup_stm32f10x_md.o(.text)
    EXTI9_5_IRQHandler                       0x0800011f   Thumb Code     0  startup_stm32f10x_md.o(.text)
    FLASH_IRQHandler                         0x0800011f   Thumb Code     0  startup_stm32f10x_md.o(.text)
    I2C1_ER_IRQHandler                       0x0800011f   Thumb Code     0  startup_stm32f10x_md.o(.text)
    I2C1_EV_IRQHandler                       0x0800011f   Thumb Code     0  startup_stm32f10x_md.o(.text)
    I2C2_ER_IRQHandler                       0x0800011f   Thumb Code     0  startup_stm32f10x_md.o(.text)
    I2C2_EV_IRQHandler                       0x0800011f   Thumb Code     0  startup_stm32f10x_md.o(.text)
    PVD_IRQHandler                           0x0800011f   Thumb Code     0  startup_stm32f10x_md.o(.text)
    RCC_IRQHandler                           0x0800011f   Thumb Code     0  startup_stm32f10x_md.o(.text)
    RTCAlarm_IRQHandler                      0x0800011f   Thumb Code     0  startup_stm32f10x_md.o(.text)
    RTC_IRQHandler                           0x0800011f   Thumb Code     0  startup_stm32f10x_md.o(.text)
    SPI1_IRQHandler                          0x0800011f   Thumb Code     0  startup_stm32f10x_md.o(.text)
    SPI2_IRQHandler                          0x0800011f   Thumb Code     0  startup_stm32f10x_md.o(.text)
    TAMPER_IRQHandler                        0x0800011f   Thumb Code     0  startup_stm32f10x_md.o(.text)
    TIM1_BRK_IRQHandler                      0x0800011f   Thumb Code     0  startup_stm32f10x_md.o(.text)
    TIM1_CC_IRQHandler                       0x0800011f   Thumb Code     0  startup_stm32f10x_md.o(.text)
    TIM1_TRG_COM_IRQHandler                  0x0800011f   Thumb Code     0  startup_stm32f10x_md.o(.text)
    TIM1_UP_IRQHandler                       0x0800011f   Thumb Code     0  startup_stm32f10x_md.o(.text)
    USART3_IRQHandler                        0x0800011f   Thumb Code     0  startup_stm32f10x_md.o(.text)
    USBWakeUp_IRQHandler                     0x0800011f   Thumb Code     0  startup_stm32f10x_md.o(.text)
    USB_HP_CAN1_TX_IRQHandler                0x0800011f   Thumb Code     0  startup_stm32f10x_md.o(.text)
    USB_LP_CAN1_RX0_IRQHandler               0x0800011f   Thumb Code     0  startup_stm32f10x_md.o(.text)
    WWDG_IRQHandler                          0x0800011f   Thumb Code     0  startup_stm32f10x_md.o(.text)
    __aeabi_memcpy                           0x08000129   Thumb Code    36  memcpya.o(.text)
    __aeabi_memcpy4                          0x08000129   Thumb Code     0  memcpya.o(.text)
    __aeabi_memcpy8                          0x08000129   Thumb Code     0  memcpya.o(.text)
    __aeabi_memset                           0x0800014d   Thumb Code    14  memseta.o(.text)
    __aeabi_memset4                          0x0800014d   Thumb Code     0  memseta.o(.text)
    __aeabi_memset8                          0x0800014d   Thumb Code     0  memseta.o(.text)
    __aeabi_memclr                           0x0800015b   Thumb Code     4  memseta.o(.text)
    __aeabi_memclr4                          0x0800015b   Thumb Code     0  memseta.o(.text)
    __aeabi_memclr8                          0x0800015b   Thumb Code     0  memseta.o(.text)
    _memset$wrapper                          0x0800015f   Thumb Code    18  memseta.o(.text)
    strlen                                   0x08000171   Thumb Code    14  strlen.o(.text)
    __aeabi_fadd                             0x0800017f   Thumb Code   164  fadd.o(.text)
    __aeabi_fsub                             0x08000223   Thumb Code     6  fadd.o(.text)
    __aeabi_frsub                            0x08000229   Thumb Code     6  fadd.o(.text)
    __aeabi_fmul                             0x0800022f   Thumb Code   100  fmul.o(.text)
    __aeabi_fdiv                             0x08000293   Thumb Code   124  fdiv.o(.text)
    __aeabi_dmul                             0x0800030f   Thumb Code   228  dmul.o(.text)
    __aeabi_ui2f                             0x080003f3   Thumb Code    10  ffltui.o(.text)
    __aeabi_ui2d                             0x080003fd   Thumb Code    26  dfltui.o(.text)
    __aeabi_f2uiz                            0x08000417   Thumb Code    40  ffixui.o(.text)
    __aeabi_d2uiz                            0x0800043f   Thumb Code    50  dfixui.o(.text)
    __aeabi_f2d                              0x08000471   Thumb Code    38  f2d.o(.text)
    __aeabi_uidiv                            0x08000497   Thumb Code     0  uidiv.o(.text)
    __aeabi_uidivmod                         0x08000497   Thumb Code    44  uidiv.o(.text)
    __aeabi_uldivmod                         0x080004c3   Thumb Code    98  uldiv.o(.text)
    __aeabi_llsr                             0x08000525   Thumb Code    32  llushr.o(.text)
    _ll_ushift_r                             0x08000525   Thumb Code     0  llushr.o(.text)
    __I$use$fp                               0x08000545   Thumb Code     0  iusefp.o(.text)
    _float_round                             0x08000545   Thumb Code    18  fepilogue.o(.text)
    _float_epilogue                          0x08000557   Thumb Code    92  fepilogue.o(.text)
    _double_round                            0x080005b3   Thumb Code    30  depilogue.o(.text)
    _double_epilogue                         0x080005d1   Thumb Code   156  depilogue.o(.text)
    __aeabi_dadd                             0x0800066d   Thumb Code   322  dadd.o(.text)
    __aeabi_dsub                             0x080007af   Thumb Code     6  dadd.o(.text)
    __aeabi_drsub                            0x080007b5   Thumb Code     6  dadd.o(.text)
    __aeabi_ddiv                             0x080007bb   Thumb Code   222  ddiv.o(.text)
    __ARM_scalbn                             0x08000899   Thumb Code    46  dscalb.o(.text)
    scalbn                                   0x08000899   Thumb Code     0  dscalb.o(.text)
    __aeabi_i2d                              0x080008c7   Thumb Code    34  dflti.o(.text)
    __aeabi_d2ulz                            0x080008e9   Thumb Code    48  dfixul.o(.text)
    __aeabi_cdrcmple                         0x08000919   Thumb Code    48  cdrcmple.o(.text)
    __scatterload                            0x08000949   Thumb Code    28  init.o(.text)
    __scatterload_rt2                        0x08000949   Thumb Code     0  init.o(.text)
    __aeabi_llsl                             0x0800096d   Thumb Code    30  llshl.o(.text)
    _ll_shift_l                              0x0800096d   Thumb Code     0  llshl.o(.text)
    __aeabi_lasr                             0x0800098b   Thumb Code    36  llsshr.o(.text)
    _ll_sshift_r                             0x0800098b   Thumb Code     0  llsshr.o(.text)
    _dsqrt                                   0x080009af   Thumb Code   162  dsqrt.o(.text)
    ADC_Cmd                                  0x08000a51   Thumb Code    22  stm32f10x_adc.o(i.ADC_Cmd)
    ADC_GetCalibrationStatus                 0x08000a67   Thumb Code    20  stm32f10x_adc.o(i.ADC_GetCalibrationStatus)
    ADC_GetConversionValue                   0x08000a7b   Thumb Code     8  stm32f10x_adc.o(i.ADC_GetConversionValue)
    ADC_GetFlagStatus                        0x08000a83   Thumb Code    18  stm32f10x_adc.o(i.ADC_GetFlagStatus)
    ADC_GetResetCalibrationStatus            0x08000a95   Thumb Code    20  stm32f10x_adc.o(i.ADC_GetResetCalibrationStatus)
    ADC_Init                                 0x08000aa9   Thumb Code    70  stm32f10x_adc.o(i.ADC_Init)
    ADC_RegularChannelConfig                 0x08000af9   Thumb Code   184  stm32f10x_adc.o(i.ADC_RegularChannelConfig)
    ADC_ResetCalibration                     0x08000bb1   Thumb Code    10  stm32f10x_adc.o(i.ADC_ResetCalibration)
    ADC_SoftwareStartConvCmd                 0x08000bbb   Thumb Code    22  stm32f10x_adc.o(i.ADC_SoftwareStartConvCmd)
    ADC_StartCalibration                     0x08000bd1   Thumb Code    10  stm32f10x_adc.o(i.ADC_StartCalibration)
    AD_GetValue                              0x08000bdd   Thumb Code    32  adcx.o(i.AD_GetValue)
    AD_Init                                  0x08000c01   Thumb Code   142  adcx.o(i.AD_Init)
    BusFault_Handler                         0x08000c99   Thumb Code     4  stm32f10x_it.o(i.BusFault_Handler)
    Buzzer_Init                              0x08000c9d   Thumb Code    46  buzzer.o(i.Buzzer_Init)
    Buzzer_OFF                               0x08000cd1   Thumb Code    18  buzzer.o(i.Buzzer_OFF)
    Buzzer_ON                                0x08000ced   Thumb Code    18  buzzer.o(i.Buzzer_ON)
    DHT11_Init                               0x08000d09   Thumb Code    26  dht11.o(i.DHT11_Init)
    DHT11_Read_TempAndHumidity               0x08000ddd   Thumb Code   242  dht11.o(i.DHT11_Read_TempAndHumidity)
    DebugMon_Handler                         0x08000ed9   Thumb Code     2  stm32f10x_it.o(i.DebugMon_Handler)
    FLASH_ClearFlag                          0x08000edd   Thumb Code     6  stm32f10x_flash.o(i.FLASH_ClearFlag)
    FLASH_ErasePage                          0x08000ee9   Thumb Code    72  stm32f10x_flash.o(i.FLASH_ErasePage)
    FLASH_GetBank1Status                     0x08000f35   Thumb Code    48  stm32f10x_flash.o(i.FLASH_GetBank1Status)
    FLASH_Lock                               0x08000f69   Thumb Code    14  stm32f10x_flash.o(i.FLASH_Lock)
    FLASH_ProgramHalfWord                    0x08000f7d   Thumb Code    60  stm32f10x_flash.o(i.FLASH_ProgramHalfWord)
    FLASH_R                                  0x08000fbd   Thumb Code     6  flash.o(i.FLASH_R)
    FLASH_Unlock                             0x08000fc5   Thumb Code    12  stm32f10x_flash.o(i.FLASH_Unlock)
    FLASH_W                                  0x08000fdd   Thumb Code    52  flash.o(i.FLASH_W)
    FLASH_WaitForLastOperation               0x08001011   Thumb Code    38  stm32f10x_flash.o(i.FLASH_WaitForLastOperation)
    GENERAL_TIM_Init                         0x08001037   Thumb Code    12  tim3.o(i.GENERAL_TIM_Init)
    GPIO_Init                                0x080010b7   Thumb Code   278  stm32f10x_gpio.o(i.GPIO_Init)
    GPIO_ReadInputDataBit                    0x080011cd   Thumb Code    18  stm32f10x_gpio.o(i.GPIO_ReadInputDataBit)
    GPIO_ResetBits                           0x080011df   Thumb Code     4  stm32f10x_gpio.o(i.GPIO_ResetBits)
    GPIO_SetBits                             0x080011e3   Thumb Code     4  stm32f10x_gpio.o(i.GPIO_SetBits)
    HC_SR04_Deboanle                         0x080011e7   Thumb Code    44  hc_sr04.o(i.HC_SR04_Deboanle)
    HC_SR04_Delay100msRanging                0x08001215   Thumb Code    28  hc_sr04.o(i.HC_SR04_Delay100msRanging)
    HC_SR04_Init                             0x08001235   Thumb Code   178  hc_sr04.o(i.HC_SR04_Init)
    HC_SR04_Ranging                          0x080012f1   Thumb Code   186  hc_sr04.o(i.HC_SR04_Ranging)
    HardFault_Handler                        0x080013c9   Thumb Code     4  stm32f10x_it.o(i.HardFault_Handler)
    IWDG_ReloadCounter                       0x080013cd   Thumb Code    10  stm32f10x_iwdg.o(i.IWDG_ReloadCounter)
    Key_Init                                 0x080013dd   Thumb Code    46  key.o(i.Key_Init)
    Key_scan                                 0x08001411   Thumb Code   612  key.o(i.Key_scan)
    LDR_ADC_Read                             0x080016bd   Thumb Code     8  ldr.o(i.LDR_ADC_Read)
    LDR_Average_Data                         0x080016c5   Thumb Code    38  ldr.o(i.LDR_Average_Data)
    LDR_Init                                 0x080016ed   Thumb Code    38  ldr.o(i.LDR_Init)
    LDR_LuxData                              0x08001719   Thumb Code   132  ldr.o(i.LDR_LuxData)
    LED_PWM_KEY                              0x080017b1   Thumb Code   146  led.o(i.LED_PWM_KEY)
    MemManage_Handler                        0x08001859   Thumb Code     4  stm32f10x_it.o(i.MemManage_Handler)
    NMI_Handler                              0x0800185d   Thumb Code     2  stm32f10x_it.o(i.NMI_Handler)
    NVIC_Init                                0x08001861   Thumb Code   100  misc.o(i.NVIC_Init)
    NVIC_PriorityGroupConfig                 0x080018d1   Thumb Code    10  misc.o(i.NVIC_PriorityGroupConfig)
    OLED_Clear                               0x080018e5   Thumb Code    64  oled.o(i.OLED_Clear)
    OLED_Init                                0x08001925   Thumb Code   300  oled.o(i.OLED_Init)
    OLED_Menu                                0x08001a55   Thumb Code   172  main.o(i.OLED_Menu)
    OLED_Menu_SensorData                     0x08001b05   Thumb Code   140  main.o(i.OLED_Menu_SensorData)
    OLED_Option                              0x08001b9d   Thumb Code   150  main.o(i.OLED_Option)
    OLED_SetInterfacevoid                    0x08001c35   Thumb Code   180  main.o(i.OLED_SetInterfacevoid)
    OLED_Set_Pos                             0x08001ced   Thumb Code    46  oled.o(i.OLED_Set_Pos)
    OLED_ShowCHinese                         0x08001d1d   Thumb Code    98  oled.o(i.OLED_ShowCHinese)
    OLED_ShowChar                            0x08001d85   Thumb Code   106  oled.o(i.OLED_ShowChar)
    OLED_ShowNum                             0x08001df5   Thumb Code   132  oled.o(i.OLED_ShowNum)
    OLED_ShowString                          0x08001e79   Thumb Code    54  oled.o(i.OLED_ShowString)
    OLED_WR_Byte                             0x08001eb1   Thumb Code   126  oled.o(i.OLED_WR_Byte)
    PWM_Init                                 0x08001f35   Thumb Code   144  pwm.o(i.PWM_Init)
    PendSV_Handler                           0x08001fc9   Thumb Code     2  stm32f10x_it.o(i.PendSV_Handler)
    RCC_ADCCLKConfig                         0x08001fcd   Thumb Code    18  stm32f10x_rcc.o(i.RCC_ADCCLKConfig)
    RCC_APB1PeriphClockCmd                   0x08001fe5   Thumb Code    26  stm32f10x_rcc.o(i.RCC_APB1PeriphClockCmd)
    RCC_APB1PeriphResetCmd                   0x08002005   Thumb Code    26  stm32f10x_rcc.o(i.RCC_APB1PeriphResetCmd)
    RCC_APB2PeriphClockCmd                   0x08002025   Thumb Code    26  stm32f10x_rcc.o(i.RCC_APB2PeriphClockCmd)
    RCC_APB2PeriphResetCmd                   0x08002045   Thumb Code    26  stm32f10x_rcc.o(i.RCC_APB2PeriphResetCmd)
    RCC_GetClocksFreq                        0x08002065   Thumb Code   192  stm32f10x_rcc.o(i.RCC_GetClocksFreq)
    RCC_GetFlagStatus                        0x08002139   Thumb Code    56  stm32f10x_rcc.o(i.RCC_GetFlagStatus)
    RCC_HSEConfig                            0x08002175   Thumb Code    70  stm32f10x_rcc.o(i.RCC_HSEConfig)
    RCC_PLLCmd                               0x080021c1   Thumb Code     6  stm32f10x_rcc.o(i.RCC_PLLCmd)
    RCC_PLLConfig                            0x080021cd   Thumb Code    24  stm32f10x_rcc.o(i.RCC_PLLConfig)
    RCC_SYSCLKConfig                         0x080021e9   Thumb Code    18  stm32f10x_rcc.o(i.RCC_SYSCLKConfig)
    SVC_Handler                              0x08002201   Thumb Code     2  stm32f10x_it.o(i.SVC_Handler)
    SetSelection                             0x08002205   Thumb Code    42  main.o(i.SetSelection)
    SysTick_Handler                          0x08002321   Thumb Code     8  stm32f10x_it.o(i.SysTick_Handler)
    SystemInit                               0x08002329   Thumb Code    78  system_stm32f10x.o(i.SystemInit)
    TIM2_IRQHandler                          0x08002389   Thumb Code   410  tim2.o(i.TIM2_IRQHandler)
    TIM3_IRQHandler                          0x0800253d   Thumb Code    26  tim3.o(i.TIM3_IRQHandler)
    TIM4_IRQHandler                          0x0800255d   Thumb Code    32  hc_sr04.o(i.TIM4_IRQHandler)
    TIM_ARRPreloadConfig                     0x08002585   Thumb Code    24  stm32f10x_tim.o(i.TIM_ARRPreloadConfig)
    TIM_ClearFlag                            0x0800259d   Thumb Code     6  stm32f10x_tim.o(i.TIM_ClearFlag)
    TIM_ClearITPendingBit                    0x080025a3   Thumb Code     6  stm32f10x_tim.o(i.TIM_ClearITPendingBit)
    TIM_Cmd                                  0x080025a9   Thumb Code    24  stm32f10x_tim.o(i.TIM_Cmd)
    TIM_CtrlPWMOutputs                       0x080025c1   Thumb Code    30  stm32f10x_tim.o(i.TIM_CtrlPWMOutputs)
    TIM_DeInit                               0x080025e1   Thumb Code   424  stm32f10x_tim.o(i.TIM_DeInit)
    TIM_GetCounter                           0x080027c9   Thumb Code     6  stm32f10x_tim.o(i.TIM_GetCounter)
    TIM_GetITStatus                          0x080027cf   Thumb Code    34  stm32f10x_tim.o(i.TIM_GetITStatus)
    TIM_ITConfig                             0x080027f1   Thumb Code    18  stm32f10x_tim.o(i.TIM_ITConfig)
    TIM_OC1Init                              0x08002805   Thumb Code   132  stm32f10x_tim.o(i.TIM_OC1Init)
    TIM_OC1PreloadConfig                     0x0800289d   Thumb Code    18  stm32f10x_tim.o(i.TIM_OC1PreloadConfig)
    TIM_SetCompare1                          0x080028af   Thumb Code     4  stm32f10x_tim.o(i.TIM_SetCompare1)
    TIM_SetCounter                           0x080028b3   Thumb Code     4  stm32f10x_tim.o(i.TIM_SetCounter)
    TIM_TimeBaseInit                         0x080028b9   Thumb Code   122  stm32f10x_tim.o(i.TIM_TimeBaseInit)
    ThresholdModification                    0x0800295d   Thumb Code   232  main.o(i.ThresholdModification)
    Timer2_Init                              0x08002a51   Thumb Code    94  tim2.o(i.Timer2_Init)
    TimingDelay_Decrement                    0x08002ab1   Thumb Code    18  delay.o(i.TimingDelay_Decrement)
    USART1_IRQHandler                        0x08002ac9   Thumb Code    24  usart.o(i.USART1_IRQHandler)
    USART2_IRQHandler                        0x08002ae5   Thumb Code   160  transfer.o(i.USART2_IRQHandler)
    USART_Cmd                                0x08002b99   Thumb Code    24  stm32f10x_usart.o(i.USART_Cmd)
    USART_GetFlagStatus                      0x08002bb1   Thumb Code    26  stm32f10x_usart.o(i.USART_GetFlagStatus)
    USART_GetITStatus                        0x08002bcb   Thumb Code    84  stm32f10x_usart.o(i.USART_GetITStatus)
    USART_ITConfig                           0x08002c1f   Thumb Code    74  stm32f10x_usart.o(i.USART_ITConfig)
    USART_Init                               0x08002c69   Thumb Code   210  stm32f10x_usart.o(i.USART_Init)
    USART_ReceiveData                        0x08002d41   Thumb Code    10  stm32f10x_usart.o(i.USART_ReceiveData)
    USART_SendData                           0x08002d4b   Thumb Code     8  stm32f10x_usart.o(i.USART_SendData)
    UsageFault_Handler                       0x08002d53   Thumb Code     4  stm32f10x_it.o(i.UsageFault_Handler)
    _LED_Init                                0x08002d59   Thumb Code   144  led.o(i._LED_Init)
    __0printf                                0x08002df1   Thumb Code    22  printfa.o(i.__0printf)
    __1printf                                0x08002df1   Thumb Code     0  printfa.o(i.__0printf)
    __2printf                                0x08002df1   Thumb Code     0  printfa.o(i.__0printf)
    __c89printf                              0x08002df1   Thumb Code     0  printfa.o(i.__0printf)
    printf                                   0x08002df1   Thumb Code     0  printfa.o(i.__0printf)
    __0sprintf                               0x08002e11   Thumb Code    34  printfa.o(i.__0sprintf)
    __1sprintf                               0x08002e11   Thumb Code     0  printfa.o(i.__0sprintf)
    __2sprintf                               0x08002e11   Thumb Code     0  printfa.o(i.__0sprintf)
    __c89sprintf                             0x08002e11   Thumb Code     0  printfa.o(i.__0sprintf)
    sprintf                                  0x08002e11   Thumb Code     0  printfa.o(i.__0sprintf)
    __ARM_fpclassify                         0x08002e39   Thumb Code    40  fpclassify.o(i.__ARM_fpclassify)
    __kernel_poly                            0x08002e61   Thumb Code   170  poly.o(i.__kernel_poly)
    __mathlib_dbl_divzero                    0x08002f0d   Thumb Code    12  dunder.o(i.__mathlib_dbl_divzero)
    __mathlib_dbl_infnan2                    0x08002f1d   Thumb Code     4  dunder.o(i.__mathlib_dbl_infnan2)
    __mathlib_dbl_invalid                    0x08002f21   Thumb Code    12  dunder.o(i.__mathlib_dbl_invalid)
    __mathlib_dbl_overflow                   0x08002f2d   Thumb Code    14  dunder.o(i.__mathlib_dbl_overflow)
    __mathlib_dbl_underflow                  0x08002f3d   Thumb Code    10  dunder.o(i.__mathlib_dbl_underflow)
    __scatterload_copy                       0x08002f4d   Thumb Code    14  handlers.o(i.__scatterload_copy)
    __scatterload_null                       0x08002f5b   Thumb Code     2  handlers.o(i.__scatterload_null)
    __scatterload_zeroinit                   0x08002f5d   Thumb Code    14  handlers.o(i.__scatterload_zeroinit)
    __set_errno                              0x08002f6d   Thumb Code     6  errno.o(i.__set_errno)
    auto_buzzer                              0x0800380d   Thumb Code    56  main.o(i.auto_buzzer)
    auto_led                                 0x08003851   Thumb Code    84  main.o(i.auto_led)
    delay_init                               0x080038b5   Thumb Code    84  delay.o(i.delay_init)
    delay_ms                                 0x08003915   Thumb Code    16  delay.o(i.delay_ms)
    delay_us                                 0x08003929   Thumb Code    64  dht11.o(i.delay_us)
    exchangeBytes                            0x08003969   Thumb Code    26  common.o(i.exchangeBytes)
    fputc                                    0x08003985   Thumb Code    24  usart.o(i.fputc)
    gizGetTimerCount                         0x080039a1   Thumb Code     6  gizwits_product.o(i.gizGetTimerCount)
    gizProtocolSum                           0x080039fd   Thumb Code    38  common.o(i.gizProtocolSum)
    gizTimerMs                               0x08003a89   Thumb Code    12  gizwits_product.o(i.gizTimerMs)
    gizwitsSetMode                           0x08003a99   Thumb Code   590  gizwits_protocol.o(i.gizwitsSetMode)
    heartbat1                                0x08003d21   Thumb Code    12  transfer.o(i.heartbat1)
    heartbat2                                0x08003d41   Thumb Code    12  transfer.o(i.heartbat2)
    main                                     0x08003d59   Thumb Code   570  main.o(i.main)
    oled_pow                                 0x0800403d   Thumb Code    22  oled.o(i.oled_pow)
    pow                                      0x08004055   Thumb Code  2512  pow.o(i.pow)
    sensorScan                               0x08004a2d   Thumb Code    24  main.o(i.sensorScan)
    sqrt                                     0x08004a4d   Thumb Code    76  sqrt.o(i.sqrt)
    uartWrite                                0x08004a99   Thumb Code   144  gizwits_product.o(i.uartWrite)
    usart2_init                              0x08004b4d   Thumb Code   156  main.o(i.usart2_init)
    usart2_send                              0x08004bf1   Thumb Code    42  transfer.o(i.usart2_send)
    F6x8                                     0x08004c20   Data         552  oled.o(.constdata)
    F8X16                                    0x08004e48   Data        1520  oled.o(.constdata)
    Hzk                                      0x08005438   Data        2176  oled.o(.constdata)
    __mathlib_zero                           0x08005d40   Data           8  qnan.o(.constdata)
    Region$$Table$$Base                      0x08005d48   Number         0  anon$$obj.o(Region$$Table)
    Region$$Table$$Limit                     0x08005d68   Number         0  anon$$obj.o(Region$$Table)
    SystemCoreClock                          0x20000000   Data           4  system_stm32f10x.o(.data)
    AHBPrescTable                            0x20000004   Data          16  system_stm32f10x.o(.data)
    rx_index                                 0x20000028   Data           2  main.o(.data)
    response_received                        0x2000002a   Data           1  main.o(.data)
    systemModel                              0x2000002b   Data           1  main.o(.data)
    menu                                     0x2000002c   Data           1  main.o(.data)
    sensorData                               0x2000002e   Data           6  main.o(.data)
    Sensorthreshold                          0x20000034   Data           4  main.o(.data)
    MenuPages                                0x20000038   Data           1  main.o(.data)
    _last_Buzzer_flag                        0x2000003c   Data           4  main.o(.data)
    clude                                    0x20000044   Data           4  transfer.o(.data)
    USART2_RX_STA                            0x20000048   Data           2  transfer.o(.data)
    ledDutyRatio                             0x2000004a   Data           1  led.o(.data)
    key1_long_flag                           0x2000004c   Data           1  key.o(.data)
    key2_long_flag                           0x2000004d   Data           1  key.o(.data)
    key3_long_flag                           0x2000004e   Data           1  key.o(.data)
    key4_long_flag                           0x2000004f   Data           1  key.o(.data)
    key1_lock_flag                           0x20000050   Data           1  key.o(.data)
    key2_lock_flag                           0x20000051   Data           1  key.o(.data)
    key3_lock_flag                           0x20000052   Data           1  key.o(.data)
    key4_lock_flag                           0x20000053   Data           1  key.o(.data)
    key1_cnt                                 0x20000054   Data           2  key.o(.data)
    key2_cnt                                 0x20000056   Data           2  key.o(.data)
    key3_cnt                                 0x20000058   Data           2  key.o(.data)
    key4_cnt                                 0x2000005a   Data           2  key.o(.data)
    key1_cnt2                                0x2000005c   Data           2  key.o(.data)
    key2_cnt2                                0x2000005e   Data           2  key.o(.data)
    key3_cnt2                                0x20000060   Data           2  key.o(.data)
    key4_cnt2                                0x20000062   Data           2  key.o(.data)
    key1_short_flag                          0x20000064   Data           1  key.o(.data)
    KeyNum                                   0x20000065   Data           1  key.o(.data)
    msHCcount                                0x20000068   Data           4  hc_sr04.o(.data)
    HC_SR04_DelayStructure                   0x2000006c   Data           6  hc_sr04.o(.data)
    Buzzer_Flag                              0x20000078   Data           1  buzzer.o(.data)
    delay20ms                                0x20000080   Data           4  tim2.o(.data)
    keyDelay_50ms                            0x20000084   Data           1  tim2.o(.data)
    times                                    0x20000088   Data           4  tim2.o(.data)
    __stdout                                 0x2000008c   Data           4  usart.o(.data)
    USART_RX_STA                             0x20000090   Data           2  usart.o(.data)
    aRxBuffer                                0x20000098   Data           1  gizwits_product.o(.data)
    valueFlashflag                           0x20000099   Data           1  gizwits_product.o(.data)
    rx_buffer                                0x200000a0   Data         256  main.o(.bss)
    DHT11_Data                               0x200001a0   Data          16  main.o(.bss)
    _Distance_list                           0x200001b0   Data          40  main.o(.bss)
    payload                                  0x200001d8   Data         128  transfer.o(.bss)
    USART2_RX_BUF                            0x20000258   Data         200  transfer.o(.bss)
    Rec_Data                                 0x20000320   Data         255  transfer.o(.bss)
    currentDataPoint                         0x2000041f   Data          36  gizwits_product.o(.bss)
    gizwitsProtocol                          0x20000444   Data        1132  gizwits_protocol.o(.bss)
    pRb                                      0x200008b0   Data          16  gizwits_protocol.o(.bss)
    __initial_sp                             0x20000ef8   Data           0  startup_stm32f10x_md.o(STACK)



==============================================================================

Memory Map of the image

  Image Entry point : 0x080000ed

  Load Region LR_IROM1 (Base: 0x08000000, Size: 0x00005e08, Max: 0x00010000, ABSOLUTE)

    Execution Region ER_IROM1 (Exec base: 0x08000000, Load base: 0x08000000, Size: 0x00005d68, Max: 0x00010000, ABSOLUTE)

    Exec Addr    Load Addr    Size         Type   Attr      Idx    E Section Name        Object

    0x08000000   0x08000000   0x000000ec   Data   RO            3    RESET               startup_stm32f10x_md.o
    0x080000ec   0x080000ec   0x00000000   Code   RO         4593  * .ARM.Collect$$$$00000000  mc_w.l(entry.o)
    0x080000ec   0x080000ec   0x00000004   Code   RO         4947    .ARM.Collect$$$$00000001  mc_w.l(entry2.o)
    0x080000f0   0x080000f0   0x00000004   Code   RO         4950    .ARM.Collect$$$$00000004  mc_w.l(entry5.o)
    0x080000f4   0x080000f4   0x00000000   Code   RO         4952    .ARM.Collect$$$$00000008  mc_w.l(entry7b.o)
    0x080000f4   0x080000f4   0x00000000   Code   RO         4954    .ARM.Collect$$$$0000000A  mc_w.l(entry8b.o)
    0x080000f4   0x080000f4   0x00000008   Code   RO         4955    .ARM.Collect$$$$0000000B  mc_w.l(entry9a.o)
    0x080000fc   0x080000fc   0x00000004   Code   RO         4962    .ARM.Collect$$$$0000000E  mc_w.l(entry12b.o)
    0x08000100   0x08000100   0x00000000   Code   RO         4957    .ARM.Collect$$$$0000000F  mc_w.l(entry10a.o)
    0x08000100   0x08000100   0x00000000   Code   RO         4959    .ARM.Collect$$$$00000011  mc_w.l(entry11a.o)
    0x08000100   0x08000100   0x00000004   Code   RO         4948    .ARM.Collect$$$$00002712  mc_w.l(entry2.o)
    0x08000104   0x08000104   0x00000024   Code   RO            4    .text               startup_stm32f10x_md.o
    0x08000128   0x08000128   0x00000024   Code   RO         4605    .text               mc_w.l(memcpya.o)
    0x0800014c   0x0800014c   0x00000024   Code   RO         4607    .text               mc_w.l(memseta.o)
    0x08000170   0x08000170   0x0000000e   Code   RO         4609    .text               mc_w.l(strlen.o)
    0x0800017e   0x0800017e   0x000000b0   Code   RO         4902    .text               mf_w.l(fadd.o)
    0x0800022e   0x0800022e   0x00000064   Code   RO         4904    .text               mf_w.l(fmul.o)
    0x08000292   0x08000292   0x0000007c   Code   RO         4906    .text               mf_w.l(fdiv.o)
    0x0800030e   0x0800030e   0x000000e4   Code   RO         4908    .text               mf_w.l(dmul.o)
    0x080003f2   0x080003f2   0x0000000a   Code   RO         4910    .text               mf_w.l(ffltui.o)
    0x080003fc   0x080003fc   0x0000001a   Code   RO         4912    .text               mf_w.l(dfltui.o)
    0x08000416   0x08000416   0x00000028   Code   RO         4914    .text               mf_w.l(ffixui.o)
    0x0800043e   0x0800043e   0x00000032   Code   RO         4916    .text               mf_w.l(dfixui.o)
    0x08000470   0x08000470   0x00000026   Code   RO         4918    .text               mf_w.l(f2d.o)
    0x08000496   0x08000496   0x0000002c   Code   RO         4963    .text               mc_w.l(uidiv.o)
    0x080004c2   0x080004c2   0x00000062   Code   RO         4965    .text               mc_w.l(uldiv.o)
    0x08000524   0x08000524   0x00000020   Code   RO         4967    .text               mc_w.l(llushr.o)
    0x08000544   0x08000544   0x00000000   Code   RO         4984    .text               mc_w.l(iusefp.o)
    0x08000544   0x08000544   0x0000006e   Code   RO         4985    .text               mf_w.l(fepilogue.o)
    0x080005b2   0x080005b2   0x000000ba   Code   RO         4987    .text               mf_w.l(depilogue.o)
    0x0800066c   0x0800066c   0x0000014e   Code   RO         4989    .text               mf_w.l(dadd.o)
    0x080007ba   0x080007ba   0x000000de   Code   RO         4991    .text               mf_w.l(ddiv.o)
    0x08000898   0x08000898   0x0000002e   Code   RO         4993    .text               mf_w.l(dscalb.o)
    0x080008c6   0x080008c6   0x00000022   Code   RO         4995    .text               mf_w.l(dflti.o)
    0x080008e8   0x080008e8   0x00000030   Code   RO         4997    .text               mf_w.l(dfixul.o)
    0x08000918   0x08000918   0x00000030   Code   RO         4999    .text               mf_w.l(cdrcmple.o)
    0x08000948   0x08000948   0x00000024   Code   RO         5001    .text               mc_w.l(init.o)
    0x0800096c   0x0800096c   0x0000001e   Code   RO         5003    .text               mc_w.l(llshl.o)
    0x0800098a   0x0800098a   0x00000024   Code   RO         5005    .text               mc_w.l(llsshr.o)
    0x080009ae   0x080009ae   0x000000a2   Code   RO         5007    .text               mf_w.l(dsqrt.o)
    0x08000a50   0x08000a50   0x00000016   Code   RO          202    i.ADC_Cmd           stm32f10x_adc.o
    0x08000a66   0x08000a66   0x00000014   Code   RO          210    i.ADC_GetCalibrationStatus  stm32f10x_adc.o
    0x08000a7a   0x08000a7a   0x00000008   Code   RO          211    i.ADC_GetConversionValue  stm32f10x_adc.o
    0x08000a82   0x08000a82   0x00000012   Code   RO          213    i.ADC_GetFlagStatus  stm32f10x_adc.o
    0x08000a94   0x08000a94   0x00000014   Code   RO          216    i.ADC_GetResetCalibrationStatus  stm32f10x_adc.o
    0x08000aa8   0x08000aa8   0x00000050   Code   RO          220    i.ADC_Init          stm32f10x_adc.o
    0x08000af8   0x08000af8   0x000000b8   Code   RO          224    i.ADC_RegularChannelConfig  stm32f10x_adc.o
    0x08000bb0   0x08000bb0   0x0000000a   Code   RO          225    i.ADC_ResetCalibration  stm32f10x_adc.o
    0x08000bba   0x08000bba   0x00000016   Code   RO          227    i.ADC_SoftwareStartConvCmd  stm32f10x_adc.o
    0x08000bd0   0x08000bd0   0x0000000a   Code   RO          229    i.ADC_StartCalibration  stm32f10x_adc.o
    0x08000bda   0x08000bda   0x00000002   PAD
    0x08000bdc   0x08000bdc   0x00000024   Code   RO         3826    i.AD_GetValue       adcx.o
    0x08000c00   0x08000c00   0x00000098   Code   RO         3827    i.AD_Init           adcx.o
    0x08000c98   0x08000c98   0x00000004   Code   RO         3372    i.BusFault_Handler  stm32f10x_it.o
    0x08000c9c   0x08000c9c   0x00000034   Code   RO         3796    i.Buzzer_Init       buzzer.o
    0x08000cd0   0x08000cd0   0x0000001c   Code   RO         3797    i.Buzzer_OFF        buzzer.o
    0x08000cec   0x08000cec   0x0000001c   Code   RO         3798    i.Buzzer_ON         buzzer.o
    0x08000d08   0x08000d08   0x00000020   Code   RO         3601    i.DHT11_Init        dht11.o
    0x08000d28   0x08000d28   0x00000028   Code   RO         3602    i.DHT11_Mode_IPU    dht11.o
    0x08000d50   0x08000d50   0x00000028   Code   RO         3603    i.DHT11_Mode_Out_PP  dht11.o
    0x08000d78   0x08000d78   0x00000064   Code   RO         3604    i.DHT11_ReadByte    dht11.o
    0x08000ddc   0x08000ddc   0x000000fc   Code   RO         3605    i.DHT11_Read_TempAndHumidity  dht11.o
    0x08000ed8   0x08000ed8   0x00000002   Code   RO         3373    i.DebugMon_Handler  stm32f10x_it.o
    0x08000eda   0x08000eda   0x00000002   PAD
    0x08000edc   0x08000edc   0x0000000c   Code   RO         1041    i.FLASH_ClearFlag   stm32f10x_flash.o
    0x08000ee8   0x08000ee8   0x0000004c   Code   RO         1046    i.FLASH_ErasePage   stm32f10x_flash.o
    0x08000f34   0x08000f34   0x00000034   Code   RO         1047    i.FLASH_GetBank1Status  stm32f10x_flash.o
    0x08000f68   0x08000f68   0x00000014   Code   RO         1056    i.FLASH_Lock        stm32f10x_flash.o
    0x08000f7c   0x08000f7c   0x00000040   Code   RO         1059    i.FLASH_ProgramHalfWord  stm32f10x_flash.o
    0x08000fbc   0x08000fbc   0x00000006   Code   RO         4056    i.FLASH_R           flash.o
    0x08000fc2   0x08000fc2   0x00000002   PAD
    0x08000fc4   0x08000fc4   0x00000018   Code   RO         1064    i.FLASH_Unlock      stm32f10x_flash.o
    0x08000fdc   0x08000fdc   0x00000034   Code   RO         4057    i.FLASH_W           flash.o
    0x08001010   0x08001010   0x00000026   Code   RO         1068    i.FLASH_WaitForLastOperation  stm32f10x_flash.o
    0x08001036   0x08001036   0x0000000c   Code   RO         3948    i.GENERAL_TIM_Init  tim3.o
    0x08001042   0x08001042   0x00000002   PAD
    0x08001044   0x08001044   0x00000050   Code   RO         3949    i.GENERAL_TIM_Mode_Config  tim3.o
    0x08001094   0x08001094   0x00000022   Code   RO         3950    i.GENERAL_TIM_NVIC_Config  tim3.o
    0x080010b6   0x080010b6   0x00000116   Code   RO         1347    i.GPIO_Init         stm32f10x_gpio.o
    0x080011cc   0x080011cc   0x00000012   Code   RO         1351    i.GPIO_ReadInputDataBit  stm32f10x_gpio.o
    0x080011de   0x080011de   0x00000004   Code   RO         1354    i.GPIO_ResetBits    stm32f10x_gpio.o
    0x080011e2   0x080011e2   0x00000004   Code   RO         1355    i.GPIO_SetBits      stm32f10x_gpio.o
    0x080011e6   0x080011e6   0x0000002c   Code   RO         3753    i.HC_SR04_Deboanle  hc_sr04.o
    0x08001212   0x08001212   0x00000002   PAD
    0x08001214   0x08001214   0x00000020   Code   RO         3754    i.HC_SR04_Delay100msRanging  hc_sr04.o
    0x08001234   0x08001234   0x000000bc   Code   RO         3755    i.HC_SR04_Init      hc_sr04.o
    0x080012f0   0x080012f0   0x000000d8   Code   RO         3756    i.HC_SR04_Ranging   hc_sr04.o
    0x080013c8   0x080013c8   0x00000004   Code   RO         3374    i.HardFault_Handler  stm32f10x_it.o
    0x080013cc   0x080013cc   0x00000010   Code   RO         1667    i.IWDG_ReloadCounter  stm32f10x_iwdg.o
    0x080013dc   0x080013dc   0x00000034   Code   RO         3705    i.Key_Init          key.o
    0x08001410   0x08001410   0x000002ac   Code   RO         3706    i.Key_scan          key.o
    0x080016bc   0x080016bc   0x00000008   Code   RO         3478    i.LDR_ADC_Read      ldr.o
    0x080016c4   0x080016c4   0x00000026   Code   RO         3479    i.LDR_Average_Data  ldr.o
    0x080016ea   0x080016ea   0x00000002   PAD
    0x080016ec   0x080016ec   0x0000002c   Code   RO         3480    i.LDR_Init          ldr.o
    0x08001718   0x08001718   0x00000098   Code   RO         3481    i.LDR_LuxData       ldr.o
    0x080017b0   0x080017b0   0x000000a8   Code   RO         3648    i.LED_PWM_KEY       led.o
    0x08001858   0x08001858   0x00000004   Code   RO         3375    i.MemManage_Handler  stm32f10x_it.o
    0x0800185c   0x0800185c   0x00000002   Code   RO         3376    i.NMI_Handler       stm32f10x_it.o
    0x0800185e   0x0800185e   0x00000002   PAD
    0x08001860   0x08001860   0x00000070   Code   RO          137    i.NVIC_Init         misc.o
    0x080018d0   0x080018d0   0x00000014   Code   RO          138    i.NVIC_PriorityGroupConfig  misc.o
    0x080018e4   0x080018e4   0x00000040   Code   RO         3511    i.OLED_Clear        oled.o
    0x08001924   0x08001924   0x00000130   Code   RO         3515    i.OLED_Init         oled.o
    0x08001a54   0x08001a54   0x000000b0   Code   RO         3196    i.OLED_Menu         main.o
    0x08001b04   0x08001b04   0x00000098   Code   RO         3197    i.OLED_Menu_SensorData  main.o
    0x08001b9c   0x08001b9c   0x00000096   Code   RO         3198    i.OLED_Option       main.o
    0x08001c32   0x08001c32   0x00000002   PAD
    0x08001c34   0x08001c34   0x000000b8   Code   RO         3199    i.OLED_SetInterfacevoid  main.o
    0x08001cec   0x08001cec   0x0000002e   Code   RO         3516    i.OLED_Set_Pos      oled.o
    0x08001d1a   0x08001d1a   0x00000002   PAD
    0x08001d1c   0x08001d1c   0x00000068   Code   RO         3517    i.OLED_ShowCHinese  oled.o
    0x08001d84   0x08001d84   0x00000070   Code   RO         3518    i.OLED_ShowChar     oled.o
    0x08001df4   0x08001df4   0x00000084   Code   RO         3519    i.OLED_ShowNum      oled.o
    0x08001e78   0x08001e78   0x00000036   Code   RO         3520    i.OLED_ShowString   oled.o
    0x08001eae   0x08001eae   0x00000002   PAD
    0x08001eb0   0x08001eb0   0x00000084   Code   RO         3521    i.OLED_WR_Byte      oled.o
    0x08001f34   0x08001f34   0x00000094   Code   RO         3904    i.PWM_Init          pwm.o
    0x08001fc8   0x08001fc8   0x00000002   Code   RO         3377    i.PendSV_Handler    stm32f10x_it.o
    0x08001fca   0x08001fca   0x00000002   PAD
    0x08001fcc   0x08001fcc   0x00000018   Code   RO         1773    i.RCC_ADCCLKConfig  stm32f10x_rcc.o
    0x08001fe4   0x08001fe4   0x00000020   Code   RO         1775    i.RCC_APB1PeriphClockCmd  stm32f10x_rcc.o
    0x08002004   0x08002004   0x00000020   Code   RO         1776    i.RCC_APB1PeriphResetCmd  stm32f10x_rcc.o
    0x08002024   0x08002024   0x00000020   Code   RO         1777    i.RCC_APB2PeriphClockCmd  stm32f10x_rcc.o
    0x08002044   0x08002044   0x00000020   Code   RO         1778    i.RCC_APB2PeriphResetCmd  stm32f10x_rcc.o
    0x08002064   0x08002064   0x000000d4   Code   RO         1785    i.RCC_GetClocksFreq  stm32f10x_rcc.o
    0x08002138   0x08002138   0x0000003c   Code   RO         1786    i.RCC_GetFlagStatus  stm32f10x_rcc.o
    0x08002174   0x08002174   0x0000004c   Code   RO         1790    i.RCC_HSEConfig     stm32f10x_rcc.o
    0x080021c0   0x080021c0   0x0000000c   Code   RO         1798    i.RCC_PLLCmd        stm32f10x_rcc.o
    0x080021cc   0x080021cc   0x0000001c   Code   RO         1799    i.RCC_PLLConfig     stm32f10x_rcc.o
    0x080021e8   0x080021e8   0x00000018   Code   RO         1802    i.RCC_SYSCLKConfig  stm32f10x_rcc.o
    0x08002200   0x08002200   0x00000002   Code   RO         3378    i.SVC_Handler       stm32f10x_it.o
    0x08002202   0x08002202   0x00000002   PAD
    0x08002204   0x08002204   0x00000034   Code   RO         3200    i.SetSelection      main.o
    0x08002238   0x08002238   0x00000008   Code   RO           24    i.SetSysClock       system_stm32f10x.o
    0x08002240   0x08002240   0x000000e0   Code   RO           25    i.SetSysClockTo72   system_stm32f10x.o
    0x08002320   0x08002320   0x00000008   Code   RO         3379    i.SysTick_Handler   stm32f10x_it.o
    0x08002328   0x08002328   0x00000060   Code   RO           27    i.SystemInit        system_stm32f10x.o
    0x08002388   0x08002388   0x000001b4   Code   RO         3919    i.TIM2_IRQHandler   tim2.o
    0x0800253c   0x0800253c   0x00000020   Code   RO         3951    i.TIM3_IRQHandler   tim3.o
    0x0800255c   0x0800255c   0x00000028   Code   RO         3757    i.TIM4_IRQHandler   hc_sr04.o
    0x08002584   0x08002584   0x00000018   Code   RO         2409    i.TIM_ARRPreloadConfig  stm32f10x_tim.o
    0x0800259c   0x0800259c   0x00000006   Code   RO         2415    i.TIM_ClearFlag     stm32f10x_tim.o
    0x080025a2   0x080025a2   0x00000006   Code   RO         2416    i.TIM_ClearITPendingBit  stm32f10x_tim.o
    0x080025a8   0x080025a8   0x00000018   Code   RO         2421    i.TIM_Cmd           stm32f10x_tim.o
    0x080025c0   0x080025c0   0x0000001e   Code   RO         2423    i.TIM_CtrlPWMOutputs  stm32f10x_tim.o
    0x080025de   0x080025de   0x00000002   PAD
    0x080025e0   0x080025e0   0x000001e8   Code   RO         2426    i.TIM_DeInit        stm32f10x_tim.o
    0x080027c8   0x080027c8   0x00000006   Code   RO         2440    i.TIM_GetCounter    stm32f10x_tim.o
    0x080027ce   0x080027ce   0x00000022   Code   RO         2442    i.TIM_GetITStatus   stm32f10x_tim.o
    0x080027f0   0x080027f0   0x00000012   Code   RO         2446    i.TIM_ITConfig      stm32f10x_tim.o
    0x08002802   0x08002802   0x00000002   PAD
    0x08002804   0x08002804   0x00000098   Code   RO         2450    i.TIM_OC1Init       stm32f10x_tim.o
    0x0800289c   0x0800289c   0x00000012   Code   RO         2453    i.TIM_OC1PreloadConfig  stm32f10x_tim.o
    0x080028ae   0x080028ae   0x00000004   Code   RO         2482    i.TIM_SetCompare1   stm32f10x_tim.o
    0x080028b2   0x080028b2   0x00000004   Code   RO         2486    i.TIM_SetCounter    stm32f10x_tim.o
    0x080028b6   0x080028b6   0x00000002   PAD
    0x080028b8   0x080028b8   0x000000a4   Code   RO         2492    i.TIM_TimeBaseInit  stm32f10x_tim.o
    0x0800295c   0x0800295c   0x000000f4   Code   RO         3201    i.ThresholdModification  main.o
    0x08002a50   0x08002a50   0x0000005e   Code   RO         3920    i.Timer2_Init       tim2.o
    0x08002aae   0x08002aae   0x00000002   PAD
    0x08002ab0   0x08002ab0   0x00000018   Code   RO         3861    i.TimingDelay_Decrement  delay.o
    0x08002ac8   0x08002ac8   0x0000001c   Code   RO         3979    i.USART1_IRQHandler  usart.o
    0x08002ae4   0x08002ae4   0x000000b4   Code   RO         3435    i.USART2_IRQHandler  transfer.o
    0x08002b98   0x08002b98   0x00000018   Code   RO         2960    i.USART_Cmd         stm32f10x_usart.o
    0x08002bb0   0x08002bb0   0x0000001a   Code   RO         2963    i.USART_GetFlagStatus  stm32f10x_usart.o
    0x08002bca   0x08002bca   0x00000054   Code   RO         2964    i.USART_GetITStatus  stm32f10x_usart.o
    0x08002c1e   0x08002c1e   0x0000004a   Code   RO         2966    i.USART_ITConfig    stm32f10x_usart.o
    0x08002c68   0x08002c68   0x000000d8   Code   RO         2967    i.USART_Init        stm32f10x_usart.o
    0x08002d40   0x08002d40   0x0000000a   Code   RO         2974    i.USART_ReceiveData  stm32f10x_usart.o
    0x08002d4a   0x08002d4a   0x00000008   Code   RO         2977    i.USART_SendData    stm32f10x_usart.o
    0x08002d52   0x08002d52   0x00000004   Code   RO         3380    i.UsageFault_Handler  stm32f10x_it.o
    0x08002d56   0x08002d56   0x00000002   PAD
    0x08002d58   0x08002d58   0x00000098   Code   RO         3651    i._LED_Init         led.o
    0x08002df0   0x08002df0   0x00000020   Code   RO         4846    i.__0printf         mc_w.l(printfa.o)
    0x08002e10   0x08002e10   0x00000028   Code   RO         4848    i.__0sprintf        mc_w.l(printfa.o)
    0x08002e38   0x08002e38   0x00000028   Code   RO         4934    i.__ARM_fpclassify  m_ws.l(fpclassify.o)
    0x08002e60   0x08002e60   0x000000aa   Code   RO         4936    i.__kernel_poly     m_ws.l(poly.o)
    0x08002f0a   0x08002f0a   0x00000002   PAD
    0x08002f0c   0x08002f0c   0x00000010   Code   RO         4920    i.__mathlib_dbl_divzero  m_ws.l(dunder.o)
    0x08002f1c   0x08002f1c   0x00000004   Code   RO         4922    i.__mathlib_dbl_infnan2  m_ws.l(dunder.o)
    0x08002f20   0x08002f20   0x0000000c   Code   RO         4923    i.__mathlib_dbl_invalid  m_ws.l(dunder.o)
    0x08002f2c   0x08002f2c   0x0000000e   Code   RO         4924    i.__mathlib_dbl_overflow  m_ws.l(dunder.o)
    0x08002f3a   0x08002f3a   0x00000002   PAD
    0x08002f3c   0x08002f3c   0x00000010   Code   RO         4926    i.__mathlib_dbl_underflow  m_ws.l(dunder.o)
    0x08002f4c   0x08002f4c   0x0000000e   Code   RO         5013    i.__scatterload_copy  mc_w.l(handlers.o)
    0x08002f5a   0x08002f5a   0x00000002   Code   RO         5014    i.__scatterload_null  mc_w.l(handlers.o)
    0x08002f5c   0x08002f5c   0x0000000e   Code   RO         5015    i.__scatterload_zeroinit  mc_w.l(handlers.o)
    0x08002f6a   0x08002f6a   0x00000002   PAD
    0x08002f6c   0x08002f6c   0x0000000c   Code   RO         4979    i.__set_errno       mc_w.l(errno.o)
    0x08002f78   0x08002f78   0x00000184   Code   RO         4853    i._fp_digits        mc_w.l(printfa.o)
    0x080030fc   0x080030fc   0x000006b4   Code   RO         4854    i._printf_core      mc_w.l(printfa.o)
    0x080037b0   0x080037b0   0x00000024   Code   RO         4855    i._printf_post_padding  mc_w.l(printfa.o)
    0x080037d4   0x080037d4   0x0000002e   Code   RO         4856    i._printf_pre_padding  mc_w.l(printfa.o)
    0x08003802   0x08003802   0x0000000a   Code   RO         4858    i._sputc            mc_w.l(printfa.o)
    0x0800380c   0x0800380c   0x00000044   Code   RO         3202    i.auto_buzzer       main.o
    0x08003850   0x08003850   0x00000064   Code   RO         3203    i.auto_led          main.o
    0x080038b4   0x080038b4   0x00000060   Code   RO         3862    i.delay_init        delay.o
    0x08003914   0x08003914   0x00000014   Code   RO         3863    i.delay_ms          delay.o
    0x08003928   0x08003928   0x00000040   Code   RO         3606    i.delay_us          dht11.o
    0x08003968   0x08003968   0x0000001a   Code   RO         4328    i.exchangeBytes     common.o
    0x08003982   0x08003982   0x00000002   PAD
    0x08003984   0x08003984   0x0000001c   Code   RO         3983    i.fputc             usart.o
    0x080039a0   0x080039a0   0x0000000c   Code   RO         4096    i.gizGetTimerCount  gizwits_product.o
    0x080039ac   0x080039ac   0x00000050   Code   RO         4168    i.gizProtocolHeadInit  gizwits_protocol.o
    0x080039fc   0x080039fc   0x00000026   Code   RO         4331    i.gizProtocolSum    common.o
    0x08003a22   0x08003a22   0x00000002   PAD
    0x08003a24   0x08003a24   0x00000064   Code   RO         4176    i.gizProtocolWaitAck  gizwits_protocol.o
    0x08003a88   0x08003a88   0x00000010   Code   RO         4097    i.gizTimerMs        gizwits_product.o
    0x08003a98   0x08003a98   0x00000288   Code   RO         4185    i.gizwitsSetMode    gizwits_protocol.o
    0x08003d20   0x08003d20   0x00000020   Code   RO         3436    i.heartbat1         transfer.o
    0x08003d40   0x08003d40   0x00000018   Code   RO         3437    i.heartbat2         transfer.o
    0x08003d58   0x08003d58   0x000002e4   Code   RO         3205    i.main              main.o
    0x0800403c   0x0800403c   0x00000016   Code   RO         3522    i.oled_pow          oled.o
    0x08004052   0x08004052   0x00000002   PAD
    0x08004054   0x08004054   0x000009d8   Code   RO         4584    i.pow               m_ws.l(pow.o)
    0x08004a2c   0x08004a2c   0x00000020   Code   RO         3206    i.sensorScan        main.o
    0x08004a4c   0x08004a4c   0x0000004c   Code   RO         4940    i.sqrt              m_ws.l(sqrt.o)
    0x08004a98   0x08004a98   0x000000b4   Code   RO         4100    i.uartWrite         gizwits_product.o
    0x08004b4c   0x08004b4c   0x000000a4   Code   RO         3207    i.usart2_init       main.o
    0x08004bf0   0x08004bf0   0x00000030   Code   RO         3439    i.usart2_send       transfer.o
    0x08004c20   0x08004c20   0x00001098   Data   RO         3523    .constdata          oled.o
    0x08005cb8   0x08005cb8   0x00000088   Data   RO         4585    .constdata          m_ws.l(pow.o)
    0x08005d40   0x08005d40   0x00000008   Data   RO         4938    .constdata          m_ws.l(qnan.o)
    0x08005d48   0x08005d48   0x00000020   Data   RO         5011    Region$$Table       anon$$obj.o


    Execution Region RW_IRAM1 (Exec base: 0x20000000, Load base: 0x08005d68, Size: 0x00000ef8, Max: 0x00005000, ABSOLUTE)

    Exec Addr    Load Addr    Size         Type   Attr      Idx    E Section Name        Object

    0x20000000   0x08005d68   0x00000014   Data   RW           28    .data               system_stm32f10x.o
    0x20000014   0x08005d7c   0x00000014   Data   RW         1805    .data               stm32f10x_rcc.o
    0x20000028   0x08005d90   0x00000019   Data   RW         3209    .data               main.o
    0x20000041   0x08005da9   0x00000003   PAD
    0x20000044   0x08005dac   0x00000006   Data   RW         3441    .data               transfer.o
    0x2000004a   0x08005db2   0x00000001   Data   RW         3652    .data               led.o
    0x2000004b   0x08005db3   0x00000001   PAD
    0x2000004c   0x08005db4   0x0000001a   Data   RW         3707    .data               key.o
    0x20000066   0x08005dce   0x00000002   PAD
    0x20000068   0x08005dd0   0x00000010   Data   RW         3759    .data               hc_sr04.o
    0x20000078   0x08005de0   0x00000001   Data   RW         3799    .data               buzzer.o
    0x20000079   0x08005de1   0x00000003   PAD
    0x2000007c   0x08005de4   0x00000004   Data   RW         3864    .data               delay.o
    0x20000080   0x08005de8   0x0000000c   Data   RW         3921    .data               tim2.o
    0x2000008c   0x08005df4   0x00000006   Data   RW         3985    .data               usart.o
    0x20000092   0x08005dfa   0x00000002   PAD
    0x20000094   0x08005dfc   0x00000006   Data   RW         4104    .data               gizwits_product.o
    0x2000009a   0x08005e02   0x00000002   PAD
    0x2000009c   0x08005e04   0x00000004   Data   RW         4980    .data               mc_w.l(errno.o)
    0x200000a0        -       0x00000138   Zero   RW         3208    .bss                main.o
    0x200001d8        -       0x00000247   Zero   RW         3440    .bss                transfer.o
    0x2000041f        -       0x00000024   Zero   RW         4103    .bss                gizwits_product.o
    0x20000443   0x08005e08   0x00000001   PAD
    0x20000444        -       0x000006b0   Zero   RW         4186    .bss                gizwits_protocol.o
    0x20000af4   0x08005e08   0x00000004   PAD
    0x20000af8        -       0x00000400   Zero   RW            1    STACK               startup_stm32f10x_md.o


==============================================================================

Image component sizes


      Code (inc. data)   RO Data    RW Data    ZI Data      Debug   Object Name

       188         14          0          0          0       1028   adcx.o
       108         26          0          1          0       1545   buzzer.o
        64          0          0          0          0       2857   common.o
         0          0          0          0          0       4508   core_cm3.o
       140         22          0          4          0      17027   delay.o
       528         28          0          0          0       4386   dht11.o
        58          0          0          0          0       1052   flash.o
       208         46          0          6         36      10460   gizwits_product.o
       828        142          0          0       1712       3283   gizwits_protocol.o
       520         52          0         16          0       4104   hc_sr04.o
       736         78          0         26          0       2207   key.o
       242         26          0          0          0       2319   ldr.o
       320         30          0          1          0       1349   led.o
      2062        256          0         25        312      10108   main.o
       132         22          0          0          0     213739   misc.o
       970         22       4248          0          0       6519   oled.o
       148          4          0          0          0        683   pwm.o
        36          8        236          0       1024        800   startup_stm32f10x_md.o
       394         10          0          0          0      18229   stm32f10x_adc.o
       286         36          0          0          0       9964   stm32f10x_flash.o
       304          0          0          0          0      11760   stm32f10x_gpio.o
        32          0          0          0          0       3730   stm32f10x_it.o
        16          6          0          0          0        433   stm32f10x_iwdg.o
       564         76          0         20          0      17159   stm32f10x_rcc.o
       978        126          0          0          0      28600   stm32f10x_tim.o
       442          6          0          0          0      11833   stm32f10x_usart.o
       328         28          0         20          0      45453   system_stm32f10x.o
       530         26          0         12          0       1564   tim2.o
       158         12          0          0          0       1769   tim3.o
       284         58          0          6        583       2659   transfer.o
        56          8          0          6          0       2788   usart.o

    ----------------------------------------------------------------------
     11700       1168       4516        156       3672     443915   Object Totals
         0          0         32          0          0          0   (incl. Generated)
        40          0          0         13          5          0   (incl. Padding)

    ----------------------------------------------------------------------

      Code (inc. data)   RO Data    RW Data    ZI Data      Debug   Library Member Name

        62         10          0          0          0        340   dunder.o
        40          0          0          0          0         68   fpclassify.o
       170          0          0          0          0         96   poly.o
      2520        190        136          0          0        324   pow.o
         0          0          8          0          0          0   qnan.o
        76          0          0          0          0         84   sqrt.o
         0          0          0          0          0          0   entry.o
         0          0          0          0          0          0   entry10a.o
         0          0          0          0          0          0   entry11a.o
         4          0          0          0          0          0   entry12b.o
         8          4          0          0          0          0   entry2.o
         4          0          0          0          0          0   entry5.o
         0          0          0          0          0          0   entry7b.o
         0          0          0          0          0          0   entry8b.o
         8          4          0          0          0          0   entry9a.o
        12          6          0          4          0         68   errno.o
        30          0          0          0          0          0   handlers.o
        36          8          0          0          0         68   init.o
         0          0          0          0          0          0   iusefp.o
        30          0          0          0          0         68   llshl.o
        36          0          0          0          0         68   llsshr.o
        32          0          0          0          0         68   llushr.o
        36          0          0          0          0         68   memcpya.o
        36          0          0          0          0        108   memseta.o
      2268         96          0          0          0        616   printfa.o
        14          0          0          0          0         68   strlen.o
        44          0          0          0          0         80   uidiv.o
        98          0          0          0          0         92   uldiv.o
        48          0          0          0          0         68   cdrcmple.o
       334          0          0          0          0        148   dadd.o
       222          0          0          0          0        100   ddiv.o
       186          0          0          0          0        176   depilogue.o
        50          0          0          0          0         76   dfixui.o
        48          0          0          0          0         68   dfixul.o
        34          0          0          0          0         76   dflti.o
        26          0          0          0          0         76   dfltui.o
       228          0          0          0          0         96   dmul.o
        46          0          0          0          0         80   dscalb.o
       162          0          0          0          0        100   dsqrt.o
        38          0          0          0          0         68   f2d.o
       176          0          0          0          0        140   fadd.o
       124          0          0          0          0         88   fdiv.o
       110          0          0          0          0        168   fepilogue.o
        40          0          0          0          0         68   ffixui.o
        10          0          0          0          0         68   ffltui.o
       100          0          0          0          0         76   fmul.o

    ----------------------------------------------------------------------
      7552        318        144          4          0       4024   Library Totals
         6          0          0          0          0          0   (incl. Padding)

    ----------------------------------------------------------------------

      Code (inc. data)   RO Data    RW Data    ZI Data      Debug   Library Name

      2868        200        144          0          0        912   m_ws.l
      2696        118          0          4          0       1372   mc_w.l
      1982          0          0          0          0       1740   mf_w.l

    ----------------------------------------------------------------------
      7552        318        144          4          0       4024   Library Totals

    ----------------------------------------------------------------------

==============================================================================


      Code (inc. data)   RO Data    RW Data    ZI Data      Debug   

     19252       1486       4660        160       3672     438991   Grand Totals
     19252       1486       4660        160       3672     438991   ELF Image Totals
     19252       1486       4660        160          0          0   ROM Totals

==============================================================================

    Total RO  Size (Code + RO Data)                23912 (  23.35kB)
    Total RW  Size (RW Data + ZI Data)              3832 (   3.74kB)
    Total ROM Size (Code + RO Data + RW Data)      24072 (  23.51kB)

==============================================================================

